******************************************************************************
             TMS320C2000 Linker PC v15.12.4                    
******************************************************************************
>> Linked Tue Sep 19 11:35:56 2017

OUTPUT FILE NAME:   <Test_DCT.out>
ENTRY POINT SYMBOL: "_c_int00"  address: 00008331


MEMORY CONFIGURATION

         name            origin    length      used     unused   attr    fill
----------------------  --------  ---------  --------  --------  ----  --------
PAGE 0:
  RESET_M               00000000   00000002  00000002  00000000  RWIX
  P_M0                  00000122   000002de  00000000  000002de  RWIX
  P_M1                  00000400   00000400  00000000  00000400  RWIX
  P_LS05                00008000   00003000  00000e6e  00002192  RWIX
  P_D01                 0000b000   00001000  0000013f  00000ec1  RWIX
  P_GS05                0000c000   00006000  00000000  00006000  RWIX
  RESET_F               00080000   00000002  00000000  00000002  RWIX
  P_FA                  00080002   00001ffe  00000000  00001ffe  RWIX
  P_FB                  00082000   00002000  00000000  00002000  RWIX
  P_FC                  00084000   00002000  00000000  00002000  RWIX
  P_FD                  00086000   00002000  00000000  00002000  RWIX
  P_FE                  00088000   00008000  00000000  00008000  RWIX
  P_FF                  00090000   00008000  00000000  00008000  RWIX
  P_FG                  00098000   00008000  00000000  00008000  RWIX
  P_FH                  000a0000   00008000  00000000  00008000  RWIX
  P_FI                  000a8000   00008000  00000000  00008000  RWIX
  P_FJ                  000b0000   00008000  00000000  00008000  RWIX
  P_FK                  000b8000   00002000  00000000  00002000  RWIX
  P_FL                  000ba000   00002000  00000000  00002000  RWIX
  P_FM                  000bc000   00002000  00000000  00002000  RWIX
  P_FN                  000be000   00002000  00000000  00002000  RWIX

PAGE 1:
  BOOT_RSVD             00000002   00000120  00000000  00000120  RWIX
  D_M0                  00000122   000002de  00000000  000002de  RWIX
  D_M1                  00000400   00000400  00000200  00000200  RWIX
  ADCA_RESULT           00000b00   00000020  00000018  00000008  RWIX
  ADCB_RESULT           00000b20   00000020  00000018  00000008  RWIX
  ADCC_RESULT           00000b40   00000020  00000018  00000008  RWIX
  ADCD_RESULT           00000b60   00000020  00000018  00000008  RWIX
  CPU_TIMER0            00000c00   00000008  00000008  00000000  RWIX
  CPU_TIMER1            00000c08   00000008  00000008  00000000  RWIX
  CPU_TIMER2            00000c10   00000008  00000008  00000000  RWIX
  PIE_CTRL              00000ce0   00000020  0000001a  00000006  RWIX
  PIE_VECT              00000d00   00000200  000001c0  00000040  RWIX
  DMA                   00001000   00000200  000000e0  00000120  RWIX
  CLA1                  00001400   00000040  0000003e  00000002  RWIX
  EPWM1                 00004000   00000100  00000100  00000000  RWIX
  EPWM2                 00004100   00000100  00000100  00000000  RWIX
  EPWM3                 00004200   00000100  00000100  00000000  RWIX
  EPWM4                 00004300   00000100  00000100  00000000  RWIX
  EPWM5                 00004400   00000100  00000100  00000000  RWIX
  EPWM6                 00004500   00000100  00000100  00000000  RWIX
  EPWM7                 00004600   00000100  00000100  00000000  RWIX
  EPWM8                 00004700   00000100  00000100  00000000  RWIX
  EPWM9                 00004800   00000100  00000100  00000000  RWIX
  EPWM10                00004900   00000100  00000100  00000000  RWIX
  EPWM11                00004a00   00000100  00000100  00000000  RWIX
  EPWM12                00004b00   00000100  00000100  00000000  RWIX
  ECAP1                 00005000   00000020  00000020  00000000  RWIX
  ECAP2                 00005020   00000020  00000020  00000000  RWIX
  ECAP3                 00005040   00000020  00000020  00000000  RWIX
  ECAP4                 00005060   00000020  00000020  00000000  RWIX
  ECAP5                 00005080   00000020  00000020  00000000  RWIX
  ECAP6                 000050a0   00000020  00000020  00000000  RWIX
  EQEP1                 00005100   00000040  00000022  0000001e  RWIX
  EQEP2                 00005140   00000040  00000022  0000001e  RWIX
  EQEP3                 00005180   00000040  00000022  0000001e  RWIX
  DACA                  00005c00   00000010  00000008  00000008  RWIX
  DACB                  00005c10   00000010  00000008  00000008  RWIX
  DACC                  00005c20   00000010  00000008  00000008  RWIX
  CMPSS1                00005c80   00000020  00000020  00000000  RWIX
  CMPSS2                00005ca0   00000020  00000020  00000000  RWIX
  CMPSS3                00005cc0   00000020  00000020  00000000  RWIX
  CMPSS4                00005ce0   00000020  00000020  00000000  RWIX
  CMPSS5                00005d00   00000020  00000020  00000000  RWIX
  CMPSS6                00005d20   00000020  00000020  00000000  RWIX
  CMPSS7                00005d40   00000020  00000020  00000000  RWIX
  CMPSS8                00005d60   00000020  00000020  00000000  RWIX
  SDFM1                 00005e00   00000080  00000080  00000000  RWIX
  SDFM2                 00005e80   00000080  00000080  00000000  RWIX
  MCBSPA                00006000   00000040  00000024  0000001c  RWIX
  MCBSPB                00006040   00000040  00000024  0000001c  RWIX
  SPIA                  00006100   00000010  00000010  00000000  RWIX
  SPIB                  00006110   00000010  00000010  00000000  RWIX
  SPIC                  00006120   00000010  00000010  00000000  RWIX
  SPID                  00006130   00000010  00000000  00000010  RWIX
  UPP                   00006200   00000100  00000048  000000b8  RWIX
  WD                    00007000   00000040  0000002b  00000015  RWIX
  NMIINTRUPT            00007060   00000010  00000007  00000009  RWIX
  XINT                  00007070   00000010  0000000b  00000005  RWIX
  SCIA                  00007200   00000010  00000010  00000000  RWIX
  SCIB                  00007210   00000010  00000010  00000000  RWIX
  SCIC                  00007220   00000010  00000010  00000000  RWIX
  SCID                  00007230   00000010  00000010  00000000  RWIX
  I2CA                  00007300   00000040  00000022  0000001e  RWIX
  I2CB                  00007340   00000040  00000022  0000001e  RWIX
  ADCA                  00007400   00000080  00000080  00000000  RWIX
  ADCB                  00007480   00000080  00000080  00000000  RWIX
  ADCC                  00007500   00000080  00000080  00000000  RWIX
  ADCD                  00007580   00000080  00000080  00000000  RWIX
  INPUT_XBAR            00007900   00000020  00000020  00000000  RWIX
  XBAR                  00007920   00000020  00000020  00000000  RWIX
  SYNC_SOC              00007940   00000010  00000006  0000000a  RWIX
  DMACLASRCSEL          00007980   00000040  0000001a  00000026  RWIX
  EPWM_XBAR             00007a00   00000040  00000040  00000000  RWIX
  CLB_XBAR              00007a40   00000040  00000000  00000040  RWIX
  OUTPUT_XBAR           00007a80   00000040  00000040  00000000  RWIX
  GPIOCTRL              00007c00   00000180  00000180  00000000  RWIX
  GPIODAT               00007f00   00000030  00000030  00000000  RWIX
  D_GS612               00012000   00007000  00004b44  000024bc  RWIX
  D_GS13                00019000   00001000  00000080  00000f80  RWIX
  D_GS14                0001a000   00001000  0000000e  00000ff2  RWIX
  D_GS15                0001b000   00001000  00000080  00000f80  RWIX
  CPU2TOCPU1RAM         0003f800   00000400  00000000  00000400  RWIX
  CPU1TOCPU2RAM         0003fc00   00000400  00000000  00000400  RWIX
  EMIF1                 00047000   00000800  00000070  00000790  RWIX
  EMIF2                 00047800   00000800  00000070  00000790  RWIX
  CANA                  00048000   00000800  00000000  00000800  RWIX
  CANB                  0004a000   00000800  00000000  00000800  RWIX
  IPC                   00050000   00000024  00000024  00000000  RWIX
  FLASHPUMPSEMAPHORE    00050024   00000002  00000002  00000000  RWIX
  DEV_CFG               0005d000   00000180  0000012e  00000052  RWIX
  ANALOG_SUBSYS         0005d180   00000080  00000048  00000038  RWIX
  CLK_CFG               0005d200   00000100  00000032  000000ce  RWIX
  CPU_SYS               0005d300   00000100  00000082  0000007e  RWIX
  ROMPREFETCH           0005e608   00000002  00000002  00000000  RWIX
  DCSM_Z1               0005f000   00000030  00000024  0000000c  RWIX
  DCSM_Z2               0005f040   00000030  00000024  0000000c  RWIX
  DCSM_COMMON           0005f070   00000010  00000008  00000008  RWIX
  MEMCFG                0005f400   00000080  00000080  00000000  RWIX
  EMIF1CONFIG           0005f480   00000020  00000020  00000000  RWIX
  EMIF2CONFIG           0005f4a0   00000020  00000020  00000000  RWIX
  ACCESSPROTECTION      0005f4c0   00000040  00000040  00000000  RWIX
  MEMORYERROR           0005f500   00000040  00000040  00000000  RWIX
  ROMWAITSTATE          0005f540   00000002  00000002  00000000  RWIX
  FLASH0_CTRL           0005f800   00000300  00000182  0000017e  RWIX
  FLASH0_ECC            0005fb00   00000040  00000028  00000018  RWIX
  DCSM_Z1_OTP           00078000   00000020  00000020  00000000  RWIX
  DCSM_Z2_OTP           00078200   00000020  00000020  00000000  RWIX


SECTION ALLOCATION MAP

 output                                  attributes/
section   page    origin      length       input sections
--------  ----  ----------  ----------   ----------------
codestart 
*          0    00000000    00000002     
                  00000000    00000002     F2837xD_CodeStartBranch.obj (codestart)

.text      0    00008000    00000afd     
                  00008000    000001e7     main.obj (.text:_main)
                  000081e7    000000c6     F2837xD_SysCtrl.obj (.text:_InitSysPll)
                  000082ad    00000084     F2837xD_SysCtrl.obj (.text:_InitPeripheralClocks)
                  00008331    00000056     rts2800_fpu32.lib : boot.obj (.text)
                  00008387    00000046                       : cpy_tbl.obj (.text)
                  000083cd    00000040     F2837xD_SysCtrl.obj (.text:_InitSysCtrl)
                  0000840d    00000032     C28x_FPU_Lib.lib : FIR_f32.obj (.text)
                  0000843f    00000029     rts2800_fpu32.lib : exit.obj (.text)
                  00008468    00000025     F2837xD_Gpio.obj (.text:_GPIO_EnableUnbondedIOPullupsFor100Pin)
                  0000848d    0000001e     rts2800_fpu32.lib : memcpy.obj (.text)
                  000084ab    0000001a                       : cpy_utils.obj (.text)
                  000084c5    00000019     F2837xD_Gpio.obj (.text:_GPIO_EnableUnbondedIOPullupsFor176Pin)
                  000084de    00000019     rts2800_fpu32.lib : args_main.obj (.text)
                  000084f7    00000018                       : ll_aox.obj (.text)
                  0000850f    00000016     F2837xD_Gpio.obj (.text:_GPIO_EnableUnbondedIOPullups)
                  00008525    0000000e     F2837xD_SysCtrl.obj (.text:_DisableDog)
                  00008533    0000000d     F2837xD_DefaultISR.obj (.text:_EMPTY_ISR)
                  00008540    0000000c     F2837xD_SysCtrl.obj (.text:_SysXtalOscSel)
                  0000854c    0000000b     main.obj (.text:___relaxed_cos)
                  00008557    0000000b     main.obj (.text:___relaxed_sin)
                  00008562    0000000a     F2837xD_DefaultISR.obj (.text:_ADCA1_ISR)
                  0000856c    0000000a     F2837xD_DefaultISR.obj (.text:_ADCA2_ISR)
                  00008576    0000000a     F2837xD_DefaultISR.obj (.text:_ADCA3_ISR)
                  00008580    0000000a     F2837xD_DefaultISR.obj (.text:_ADCA4_ISR)
                  0000858a    0000000a     F2837xD_DefaultISR.obj (.text:_ADCA_EVT_ISR)
                  00008594    0000000a     F2837xD_DefaultISR.obj (.text:_ADCB1_ISR)
                  0000859e    0000000a     F2837xD_DefaultISR.obj (.text:_ADCB2_ISR)
                  000085a8    0000000a     F2837xD_DefaultISR.obj (.text:_ADCB3_ISR)
                  000085b2    0000000a     F2837xD_DefaultISR.obj (.text:_ADCB4_ISR)
                  000085bc    0000000a     F2837xD_DefaultISR.obj (.text:_ADCB_EVT_ISR)
                  000085c6    0000000a     F2837xD_DefaultISR.obj (.text:_ADCC1_ISR)
                  000085d0    0000000a     F2837xD_DefaultISR.obj (.text:_ADCC2_ISR)
                  000085da    0000000a     F2837xD_DefaultISR.obj (.text:_ADCC3_ISR)
                  000085e4    0000000a     F2837xD_DefaultISR.obj (.text:_ADCC4_ISR)
                  000085ee    0000000a     F2837xD_DefaultISR.obj (.text:_ADCC_EVT_ISR)
                  000085f8    0000000a     F2837xD_DefaultISR.obj (.text:_ADCD1_ISR)
                  00008602    0000000a     F2837xD_DefaultISR.obj (.text:_ADCD2_ISR)
                  0000860c    0000000a     F2837xD_DefaultISR.obj (.text:_ADCD3_ISR)
                  00008616    0000000a     F2837xD_DefaultISR.obj (.text:_ADCD4_ISR)
                  00008620    0000000a     F2837xD_DefaultISR.obj (.text:_ADCD_EVT_ISR)
                  0000862a    0000000a     F2837xD_DefaultISR.obj (.text:_AUX_PLL_SLIP_ISR)
                  00008634    0000000a     F2837xD_DefaultISR.obj (.text:_CANA0_ISR)
                  0000863e    0000000a     F2837xD_DefaultISR.obj (.text:_CANA1_ISR)
                  00008648    0000000a     F2837xD_DefaultISR.obj (.text:_CANB0_ISR)
                  00008652    0000000a     F2837xD_DefaultISR.obj (.text:_CANB1_ISR)
                  0000865c    0000000a     F2837xD_DefaultISR.obj (.text:_CLA1_1_ISR)
                  00008666    0000000a     F2837xD_DefaultISR.obj (.text:_CLA1_2_ISR)
                  00008670    0000000a     F2837xD_DefaultISR.obj (.text:_CLA1_3_ISR)
                  0000867a    0000000a     F2837xD_DefaultISR.obj (.text:_CLA1_4_ISR)
                  00008684    0000000a     F2837xD_DefaultISR.obj (.text:_CLA1_5_ISR)
                  0000868e    0000000a     F2837xD_DefaultISR.obj (.text:_CLA1_6_ISR)
                  00008698    0000000a     F2837xD_DefaultISR.obj (.text:_CLA1_7_ISR)
                  000086a2    0000000a     F2837xD_DefaultISR.obj (.text:_CLA1_8_ISR)
                  000086ac    0000000a     F2837xD_DefaultISR.obj (.text:_CLA_OVERFLOW_ISR)
                  000086b6    0000000a     F2837xD_DefaultISR.obj (.text:_CLA_UNDERFLOW_ISR)
                  000086c0    0000000a     F2837xD_DefaultISR.obj (.text:_DATALOG_ISR)
                  000086ca    0000000a     F2837xD_DefaultISR.obj (.text:_DMA_CH1_ISR)
                  000086d4    0000000a     F2837xD_DefaultISR.obj (.text:_DMA_CH2_ISR)
                  000086de    0000000a     F2837xD_DefaultISR.obj (.text:_DMA_CH3_ISR)
                  000086e8    0000000a     F2837xD_DefaultISR.obj (.text:_DMA_CH4_ISR)
                  000086f2    0000000a     F2837xD_DefaultISR.obj (.text:_DMA_CH5_ISR)
                  000086fc    0000000a     F2837xD_DefaultISR.obj (.text:_DMA_CH6_ISR)
                  00008706    0000000a     F2837xD_DefaultISR.obj (.text:_ECAP1_ISR)
                  00008710    0000000a     F2837xD_DefaultISR.obj (.text:_ECAP2_ISR)
                  0000871a    0000000a     F2837xD_DefaultISR.obj (.text:_ECAP3_ISR)
                  00008724    0000000a     F2837xD_DefaultISR.obj (.text:_ECAP4_ISR)
                  0000872e    0000000a     F2837xD_DefaultISR.obj (.text:_ECAP5_ISR)
                  00008738    0000000a     F2837xD_DefaultISR.obj (.text:_ECAP6_ISR)
                  00008742    0000000a     F2837xD_DefaultISR.obj (.text:_EMIF_ERROR_ISR)
                  0000874c    0000000a     F2837xD_DefaultISR.obj (.text:_EMU_ISR)
                  00008756    0000000a     F2837xD_DefaultISR.obj (.text:_EPWM10_ISR)
                  00008760    0000000a     F2837xD_DefaultISR.obj (.text:_EPWM10_TZ_ISR)
                  0000876a    0000000a     F2837xD_DefaultISR.obj (.text:_EPWM11_ISR)
                  00008774    0000000a     F2837xD_DefaultISR.obj (.text:_EPWM11_TZ_ISR)
                  0000877e    0000000a     F2837xD_DefaultISR.obj (.text:_EPWM12_ISR)
                  00008788    0000000a     F2837xD_DefaultISR.obj (.text:_EPWM12_TZ_ISR)
                  00008792    0000000a     F2837xD_DefaultISR.obj (.text:_EPWM1_ISR)
                  0000879c    0000000a     F2837xD_DefaultISR.obj (.text:_EPWM1_TZ_ISR)
                  000087a6    0000000a     F2837xD_DefaultISR.obj (.text:_EPWM2_ISR)
                  000087b0    0000000a     F2837xD_DefaultISR.obj (.text:_EPWM2_TZ_ISR)
                  000087ba    0000000a     F2837xD_DefaultISR.obj (.text:_EPWM3_ISR)
                  000087c4    0000000a     F2837xD_DefaultISR.obj (.text:_EPWM3_TZ_ISR)
                  000087ce    0000000a     F2837xD_DefaultISR.obj (.text:_EPWM4_ISR)
                  000087d8    0000000a     F2837xD_DefaultISR.obj (.text:_EPWM4_TZ_ISR)
                  000087e2    0000000a     F2837xD_DefaultISR.obj (.text:_EPWM5_ISR)
                  000087ec    0000000a     F2837xD_DefaultISR.obj (.text:_EPWM5_TZ_ISR)
                  000087f6    0000000a     F2837xD_DefaultISR.obj (.text:_EPWM6_ISR)
                  00008800    0000000a     F2837xD_DefaultISR.obj (.text:_EPWM6_TZ_ISR)
                  0000880a    0000000a     F2837xD_DefaultISR.obj (.text:_EPWM7_ISR)
                  00008814    0000000a     F2837xD_DefaultISR.obj (.text:_EPWM7_TZ_ISR)
                  0000881e    0000000a     F2837xD_DefaultISR.obj (.text:_EPWM8_ISR)
                  00008828    0000000a     F2837xD_DefaultISR.obj (.text:_EPWM8_TZ_ISR)
                  00008832    0000000a     F2837xD_DefaultISR.obj (.text:_EPWM9_ISR)
                  0000883c    0000000a     F2837xD_DefaultISR.obj (.text:_EPWM9_TZ_ISR)
                  00008846    0000000a     F2837xD_DefaultISR.obj (.text:_EQEP1_ISR)
                  00008850    0000000a     F2837xD_DefaultISR.obj (.text:_EQEP2_ISR)
                  0000885a    0000000a     F2837xD_DefaultISR.obj (.text:_EQEP3_ISR)
                  00008864    0000000a     F2837xD_DefaultISR.obj (.text:_FLASH_CORRECTABLE_ERROR_ISR)
                  0000886e    0000000a     F2837xD_DefaultISR.obj (.text:_FPU_OVERFLOW_ISR)
                  00008878    0000000a     F2837xD_DefaultISR.obj (.text:_FPU_UNDERFLOW_ISR)
                  00008882    0000000a     F2837xD_DefaultISR.obj (.text:_I2CA_FIFO_ISR)
                  0000888c    0000000a     F2837xD_DefaultISR.obj (.text:_I2CA_ISR)
                  00008896    0000000a     F2837xD_DefaultISR.obj (.text:_I2CB_FIFO_ISR)
                  000088a0    0000000a     F2837xD_DefaultISR.obj (.text:_I2CB_ISR)
                  000088aa    0000000a     F2837xD_DefaultISR.obj (.text:_ILLEGAL_ISR)
                  000088b4    0000000a     F2837xD_DefaultISR.obj (.text:_IPC0_ISR)
                  000088be    0000000a     F2837xD_DefaultISR.obj (.text:_IPC1_ISR)
                  000088c8    0000000a     F2837xD_DefaultISR.obj (.text:_IPC2_ISR)
                  000088d2    0000000a     F2837xD_DefaultISR.obj (.text:_IPC3_ISR)
                  000088dc    0000000a     F2837xD_DefaultISR.obj (.text:_MCBSPA_RX_ISR)
                  000088e6    0000000a     F2837xD_DefaultISR.obj (.text:_MCBSPA_TX_ISR)
                  000088f0    0000000a     F2837xD_DefaultISR.obj (.text:_MCBSPB_RX_ISR)
                  000088fa    0000000a     F2837xD_DefaultISR.obj (.text:_MCBSPB_TX_ISR)
                  00008904    0000000a     F2837xD_DefaultISR.obj (.text:_NMI_ISR)
                  0000890e    0000000a     F2837xD_DefaultISR.obj (.text:_NOTUSED_ISR)
                  00008918    0000000a     F2837xD_DefaultISR.obj (.text:_PIE_RESERVED_ISR)
                  00008922    0000000a     F2837xD_DefaultISR.obj (.text:_RAM_ACCESS_VIOLATION_ISR)
                  0000892c    0000000a     F2837xD_DefaultISR.obj (.text:_RAM_CORRECTABLE_ERROR_ISR)
                  00008936    0000000a     F2837xD_DefaultISR.obj (.text:_RTOS_ISR)
                  00008940    0000000a     F2837xD_DefaultISR.obj (.text:_SCIA_RX_ISR)
                  0000894a    0000000a     F2837xD_DefaultISR.obj (.text:_SCIA_TX_ISR)
                  00008954    0000000a     F2837xD_DefaultISR.obj (.text:_SCIB_RX_ISR)
                  0000895e    0000000a     F2837xD_DefaultISR.obj (.text:_SCIB_TX_ISR)
                  00008968    0000000a     F2837xD_DefaultISR.obj (.text:_SCIC_RX_ISR)
                  00008972    0000000a     F2837xD_DefaultISR.obj (.text:_SCIC_TX_ISR)
                  0000897c    0000000a     F2837xD_DefaultISR.obj (.text:_SCID_RX_ISR)
                  00008986    0000000a     F2837xD_DefaultISR.obj (.text:_SCID_TX_ISR)
                  00008990    0000000a     F2837xD_DefaultISR.obj (.text:_SD1_ISR)
                  0000899a    0000000a     F2837xD_DefaultISR.obj (.text:_SD2_ISR)
                  000089a4    0000000a     F2837xD_DefaultISR.obj (.text:_SPIA_RX_ISR)
                  000089ae    0000000a     F2837xD_DefaultISR.obj (.text:_SPIA_TX_ISR)
                  000089b8    0000000a     F2837xD_DefaultISR.obj (.text:_SPIB_RX_ISR)
                  000089c2    0000000a     F2837xD_DefaultISR.obj (.text:_SPIB_TX_ISR)
                  000089cc    0000000a     F2837xD_DefaultISR.obj (.text:_SPIC_RX_ISR)
                  000089d6    0000000a     F2837xD_DefaultISR.obj (.text:_SPIC_TX_ISR)
                  000089e0    0000000a     F2837xD_DefaultISR.obj (.text:_SYS_PLL_SLIP_ISR)
                  000089ea    0000000a     F2837xD_SysCtrl.obj (.text:_SysIntOsc1Sel)
                  000089f4    0000000a     F2837xD_SysCtrl.obj (.text:_SysIntOsc2Sel)
                  000089fe    0000000a     F2837xD_DefaultISR.obj (.text:_TIMER0_ISR)
                  00008a08    0000000a     F2837xD_DefaultISR.obj (.text:_TIMER1_ISR)
                  00008a12    0000000a     F2837xD_DefaultISR.obj (.text:_TIMER2_ISR)
                  00008a1c    0000000a     F2837xD_DefaultISR.obj (.text:_UPPA_ISR)
                  00008a26    0000000a     F2837xD_DefaultISR.obj (.text:_USBA_ISR)
                  00008a30    0000000a     F2837xD_DefaultISR.obj (.text:_USER10_ISR)
                  00008a3a    0000000a     F2837xD_DefaultISR.obj (.text:_USER11_ISR)
                  00008a44    0000000a     F2837xD_DefaultISR.obj (.text:_USER12_ISR)
                  00008a4e    0000000a     F2837xD_DefaultISR.obj (.text:_USER1_ISR)
                  00008a58    0000000a     F2837xD_DefaultISR.obj (.text:_USER2_ISR)
                  00008a62    0000000a     F2837xD_DefaultISR.obj (.text:_USER3_ISR)
                  00008a6c    0000000a     F2837xD_DefaultISR.obj (.text:_USER4_ISR)
                  00008a76    0000000a     F2837xD_DefaultISR.obj (.text:_USER5_ISR)
                  00008a80    0000000a     F2837xD_DefaultISR.obj (.text:_USER6_ISR)
                  00008a8a    0000000a     F2837xD_DefaultISR.obj (.text:_USER7_ISR)
                  00008a94    0000000a     F2837xD_DefaultISR.obj (.text:_USER8_ISR)
                  00008a9e    0000000a     F2837xD_DefaultISR.obj (.text:_USER9_ISR)
                  00008aa8    0000000a     F2837xD_DefaultISR.obj (.text:_VCU_ISR)
                  00008ab2    0000000a     F2837xD_DefaultISR.obj (.text:_WAKE_ISR)
                  00008abc    0000000a     F2837xD_DefaultISR.obj (.text:_XINT1_ISR)
                  00008ac6    0000000a     F2837xD_DefaultISR.obj (.text:_XINT2_ISR)
                  00008ad0    0000000a     F2837xD_DefaultISR.obj (.text:_XINT3_ISR)
                  00008ada    0000000a     F2837xD_DefaultISR.obj (.text:_XINT4_ISR)
                  00008ae4    0000000a     F2837xD_DefaultISR.obj (.text:_XINT5_ISR)
                  00008aee    00000009     rts2800_fpu32.lib : _lock.obj (.text)
                  00008af7    00000003     F2837xD_DBGIER.obj (.text)
                  00008afa    00000002     rts2800_fpu32.lib : pre_init.obj (.text)
                  00008afc    00000001                       : startup.obj (.text)

.reset     0    00008afe    00000002     
                  00008afe    00000002     rts2800_fpu32.lib : boot.obj (.reset)

ramfuncs   0    00008b00    0000036f     
                  00008b00    0000020a     DCT_REG.obj (ramfuncs:_DCT_REG_CALC)
                  00008d0a    00000138     DLOG_gen.obj (ramfuncs:_DLOG_GEN_update)
                  00008e42    00000029     F2837xD_SysCtrl.obj (.TI.ramfunc:_InitFlash)
                  00008e6b    00000004     F2837xD_usDelay.obj (.TI.ramfunc)

.cinit     0    0000b000    0000013f     
                  0000b000    00000090     F2837xD_struct.obj (.cinit)
                  0000b090    0000006e     main.obj (.cinit)
                  0000b0fe    00000027     DLOG_gen.obj (.cinit)
                  0000b125    0000000e     rts2800_fpu32.lib : exit.obj (.cinit)
                  0000b133    00000005                       : _lock.obj (.cinit:__lock)
                  0000b138    00000005                       : _lock.obj (.cinit:__unlock)
                  0000b13d    00000002     --HOLE-- [fill = 0]

.stack     1    00000400    00000200     UNINITIALIZED
                  00000400    00000200     --HOLE--

AdcaResultFile 
*          1    00000b00    00000018     UNINITIALIZED
                  00000b00    00000018     F2837xD_GlobalVariableDefs.obj (AdcaResultFile)

AdcbResultFile 
*          1    00000b20    00000018     UNINITIALIZED
                  00000b20    00000018     F2837xD_GlobalVariableDefs.obj (AdcbResultFile)

AdccResultFile 
*          1    00000b40    00000018     UNINITIALIZED
                  00000b40    00000018     F2837xD_GlobalVariableDefs.obj (AdccResultFile)

AdcdResultFile 
*          1    00000b60    00000018     UNINITIALIZED
                  00000b60    00000018     F2837xD_GlobalVariableDefs.obj (AdcdResultFile)

CpuTimer0RegsFile 
*          1    00000c00    00000008     UNINITIALIZED
                  00000c00    00000008     F2837xD_GlobalVariableDefs.obj (CpuTimer0RegsFile)

CpuTimer1RegsFile 
*          1    00000c08    00000008     UNINITIALIZED
                  00000c08    00000008     F2837xD_GlobalVariableDefs.obj (CpuTimer1RegsFile)

CpuTimer2RegsFile 
*          1    00000c10    00000008     UNINITIALIZED
                  00000c10    00000008     F2837xD_GlobalVariableDefs.obj (CpuTimer2RegsFile)

PieCtrlRegsFile 
*          1    00000ce0    0000001a     UNINITIALIZED
                  00000ce0    0000001a     F2837xD_GlobalVariableDefs.obj (PieCtrlRegsFile)

PieVectTableFile 
*          1    00000d00    000001c0     UNINITIALIZED
                  00000d00    000001c0     F2837xD_GlobalVariableDefs.obj (PieVectTableFile)

EmuKeyVar 
*          1    00000d00    00000001     UNINITIALIZED
                  00000d00    00000001     F2837xD_GlobalVariableDefs.obj (EmuKeyVar)

EmuBModeVar 
*          1    00000d01    00000001     UNINITIALIZED
                  00000d01    00000001     F2837xD_GlobalVariableDefs.obj (EmuBModeVar)

FlashCallbackVar 
*          1    00000d02    00000000     UNINITIALIZED

FlashScalingVar 
*          1    00000d02    00000000     UNINITIALIZED

DmaRegsFile 
*          1    00001000    000000e0     UNINITIALIZED
                  00001000    000000e0     F2837xD_GlobalVariableDefs.obj (DmaRegsFile)

Cla1RegsFile 
*          1    00001400    0000003e     UNINITIALIZED
                  00001400    0000003e     F2837xD_GlobalVariableDefs.obj (Cla1RegsFile)

EPwm1RegsFile 
*          1    00004000    00000100     UNINITIALIZED
                  00004000    00000100     F2837xD_GlobalVariableDefs.obj (EPwm1RegsFile)

EPwm2RegsFile 
*          1    00004100    00000100     UNINITIALIZED
                  00004100    00000100     F2837xD_GlobalVariableDefs.obj (EPwm2RegsFile)

EPwm3RegsFile 
*          1    00004200    00000100     UNINITIALIZED
                  00004200    00000100     F2837xD_GlobalVariableDefs.obj (EPwm3RegsFile)

EPwm4RegsFile 
*          1    00004300    00000100     UNINITIALIZED
                  00004300    00000100     F2837xD_GlobalVariableDefs.obj (EPwm4RegsFile)

EPwm5RegsFile 
*          1    00004400    00000100     UNINITIALIZED
                  00004400    00000100     F2837xD_GlobalVariableDefs.obj (EPwm5RegsFile)

EPwm6RegsFile 
*          1    00004500    00000100     UNINITIALIZED
                  00004500    00000100     F2837xD_GlobalVariableDefs.obj (EPwm6RegsFile)

EPwm7RegsFile 
*          1    00004600    00000100     UNINITIALIZED
                  00004600    00000100     F2837xD_GlobalVariableDefs.obj (EPwm7RegsFile)

EPwm8RegsFile 
*          1    00004700    00000100     UNINITIALIZED
                  00004700    00000100     F2837xD_GlobalVariableDefs.obj (EPwm8RegsFile)

EPwm9RegsFile 
*          1    00004800    00000100     UNINITIALIZED
                  00004800    00000100     F2837xD_GlobalVariableDefs.obj (EPwm9RegsFile)

EPwm10RegsFile 
*          1    00004900    00000100     UNINITIALIZED
                  00004900    00000100     F2837xD_GlobalVariableDefs.obj (EPwm10RegsFile)

EPwm11RegsFile 
*          1    00004a00    00000100     UNINITIALIZED
                  00004a00    00000100     F2837xD_GlobalVariableDefs.obj (EPwm11RegsFile)

EPwm12RegsFile 
*          1    00004b00    00000100     UNINITIALIZED
                  00004b00    00000100     F2837xD_GlobalVariableDefs.obj (EPwm12RegsFile)

ECap1RegsFile 
*          1    00005000    00000020     UNINITIALIZED
                  00005000    00000020     F2837xD_GlobalVariableDefs.obj (ECap1RegsFile)

ECap2RegsFile 
*          1    00005020    00000020     UNINITIALIZED
                  00005020    00000020     F2837xD_GlobalVariableDefs.obj (ECap2RegsFile)

ECap3RegsFile 
*          1    00005040    00000020     UNINITIALIZED
                  00005040    00000020     F2837xD_GlobalVariableDefs.obj (ECap3RegsFile)

ECap4RegsFile 
*          1    00005060    00000020     UNINITIALIZED
                  00005060    00000020     F2837xD_GlobalVariableDefs.obj (ECap4RegsFile)

ECap5RegsFile 
*          1    00005080    00000020     UNINITIALIZED
                  00005080    00000020     F2837xD_GlobalVariableDefs.obj (ECap5RegsFile)

ECap6RegsFile 
*          1    000050a0    00000020     UNINITIALIZED
                  000050a0    00000020     F2837xD_GlobalVariableDefs.obj (ECap6RegsFile)

EQep1RegsFile 
*          1    00005100    00000022     UNINITIALIZED
                  00005100    00000022     F2837xD_GlobalVariableDefs.obj (EQep1RegsFile)

EQep2RegsFile 
*          1    00005140    00000022     UNINITIALIZED
                  00005140    00000022     F2837xD_GlobalVariableDefs.obj (EQep2RegsFile)

EQep3RegsFile 
*          1    00005180    00000022     UNINITIALIZED
                  00005180    00000022     F2837xD_GlobalVariableDefs.obj (EQep3RegsFile)

DacaRegsFile 
*          1    00005c00    00000008     UNINITIALIZED
                  00005c00    00000008     F2837xD_GlobalVariableDefs.obj (DacaRegsFile)

DacbRegsFile 
*          1    00005c10    00000008     UNINITIALIZED
                  00005c10    00000008     F2837xD_GlobalVariableDefs.obj (DacbRegsFile)

DaccRegsFile 
*          1    00005c20    00000008     UNINITIALIZED
                  00005c20    00000008     F2837xD_GlobalVariableDefs.obj (DaccRegsFile)

Cmpss1RegsFile 
*          1    00005c80    00000020     UNINITIALIZED
                  00005c80    00000020     F2837xD_GlobalVariableDefs.obj (Cmpss1RegsFile)

Cmpss2RegsFile 
*          1    00005ca0    00000020     UNINITIALIZED
                  00005ca0    00000020     F2837xD_GlobalVariableDefs.obj (Cmpss2RegsFile)

Cmpss3RegsFile 
*          1    00005cc0    00000020     UNINITIALIZED
                  00005cc0    00000020     F2837xD_GlobalVariableDefs.obj (Cmpss3RegsFile)

Cmpss4RegsFile 
*          1    00005ce0    00000020     UNINITIALIZED
                  00005ce0    00000020     F2837xD_GlobalVariableDefs.obj (Cmpss4RegsFile)

Cmpss5RegsFile 
*          1    00005d00    00000020     UNINITIALIZED
                  00005d00    00000020     F2837xD_GlobalVariableDefs.obj (Cmpss5RegsFile)

Cmpss6RegsFile 
*          1    00005d20    00000020     UNINITIALIZED
                  00005d20    00000020     F2837xD_GlobalVariableDefs.obj (Cmpss6RegsFile)

Cmpss7RegsFile 
*          1    00005d40    00000020     UNINITIALIZED
                  00005d40    00000020     F2837xD_GlobalVariableDefs.obj (Cmpss7RegsFile)

Cmpss8RegsFile 
*          1    00005d60    00000020     UNINITIALIZED
                  00005d60    00000020     F2837xD_GlobalVariableDefs.obj (Cmpss8RegsFile)

I2caRegsFile 
*          1    00007300    00000022     UNINITIALIZED
                  00007300    00000022     F2837xD_GlobalVariableDefs.obj (I2caRegsFile)

I2cbRegsFile 
*          1    00007340    00000022     UNINITIALIZED
                  00007340    00000022     F2837xD_GlobalVariableDefs.obj (I2cbRegsFile)

AdcaRegsFile 
*          1    00007400    00000080     UNINITIALIZED
                  00007400    00000080     F2837xD_GlobalVariableDefs.obj (AdcaRegsFile)

AdcbRegsFile 
*          1    00007480    00000080     UNINITIALIZED
                  00007480    00000080     F2837xD_GlobalVariableDefs.obj (AdcbRegsFile)

AdccRegsFile 
*          1    00007500    00000080     UNINITIALIZED
                  00007500    00000080     F2837xD_GlobalVariableDefs.obj (AdccRegsFile)

AdcdRegsFile 
*          1    00007580    00000080     UNINITIALIZED
                  00007580    00000080     F2837xD_GlobalVariableDefs.obj (AdcdRegsFile)

.bss       1    00012000    00000000     UNINITIALIZED

firldb     1    00019000    00000080     UNINITIALIZED
                  00019000    00000080     main.obj (firldb)

firfilt    1    0001a000    0000000e     UNINITIALIZED
                  0001a000    0000000e     main.obj (firfilt)

coefffilt 
*          1    0001b000    00000080     
                  0001b000    00000080     main.obj (coefffilt)

.pinit     0    00008000    00000000     UNINITIALIZED

.reset     0    00080000    00000000     DSECT

Sdfm1RegsFile 
*          1    00005e00    00000080     UNINITIALIZED
                  00005e00    00000080     F2837xD_GlobalVariableDefs.obj (Sdfm1RegsFile)

Sdfm2RegsFile 
*          1    00005e80    00000080     UNINITIALIZED
                  00005e80    00000080     F2837xD_GlobalVariableDefs.obj (Sdfm2RegsFile)

McbspaRegsFile 
*          1    00006000    00000024     UNINITIALIZED
                  00006000    00000024     F2837xD_GlobalVariableDefs.obj (McbspaRegsFile)

McbspbRegsFile 
*          1    00006040    00000024     UNINITIALIZED
                  00006040    00000024     F2837xD_GlobalVariableDefs.obj (McbspbRegsFile)

SpiaRegsFile 
*          1    00006100    00000010     UNINITIALIZED
                  00006100    00000010     F2837xD_GlobalVariableDefs.obj (SpiaRegsFile)

SpibRegsFile 
*          1    00006110    00000010     UNINITIALIZED
                  00006110    00000010     F2837xD_GlobalVariableDefs.obj (SpibRegsFile)

SpicRegsFile 
*          1    00006120    00000010     UNINITIALIZED
                  00006120    00000010     F2837xD_GlobalVariableDefs.obj (SpicRegsFile)

UppRegsFile 
*          1    00006200    00000048     UNINITIALIZED
                  00006200    00000048     F2837xD_GlobalVariableDefs.obj (UppRegsFile)

WdRegsFile 
*          1    00007000    0000002b     UNINITIALIZED
                  00007000    0000002b     F2837xD_GlobalVariableDefs.obj (WdRegsFile)

NmiIntruptRegsFile 
*          1    00007060    00000007     UNINITIALIZED
                  00007060    00000007     F2837xD_GlobalVariableDefs.obj (NmiIntruptRegsFile)

XintRegsFile 
*          1    00007070    0000000b     UNINITIALIZED
                  00007070    0000000b     F2837xD_GlobalVariableDefs.obj (XintRegsFile)

SciaRegsFile 
*          1    00007200    00000010     UNINITIALIZED
                  00007200    00000010     F2837xD_GlobalVariableDefs.obj (SciaRegsFile)

ScibRegsFile 
*          1    00007210    00000010     UNINITIALIZED
                  00007210    00000010     F2837xD_GlobalVariableDefs.obj (ScibRegsFile)

ScicRegsFile 
*          1    00007220    00000010     UNINITIALIZED
                  00007220    00000010     F2837xD_GlobalVariableDefs.obj (ScicRegsFile)

ScidRegsFile 
*          1    00007230    00000010     UNINITIALIZED
                  00007230    00000010     F2837xD_GlobalVariableDefs.obj (ScidRegsFile)

InputXbarRegsFile 
*          1    00007900    00000020     UNINITIALIZED
                  00007900    00000020     F2837xD_GlobalVariableDefs.obj (InputXbarRegsFile)

XbarRegsFile 
*          1    00007920    00000020     UNINITIALIZED
                  00007920    00000020     F2837xD_GlobalVariableDefs.obj (XbarRegsFile)

SyncSocRegsFile 
*          1    00007940    00000006     UNINITIALIZED
                  00007940    00000006     F2837xD_GlobalVariableDefs.obj (SyncSocRegsFile)

DmaClaSrcSelRegsFile 
*          1    00007980    0000001a     UNINITIALIZED
                  00007980    0000001a     F2837xD_GlobalVariableDefs.obj (DmaClaSrcSelRegsFile)

EPwmXbarRegsFile 
*          1    00007a00    00000040     UNINITIALIZED
                  00007a00    00000040     F2837xD_GlobalVariableDefs.obj (EPwmXbarRegsFile)

OutputXbarRegsFile 
*          1    00007a80    00000040     UNINITIALIZED
                  00007a80    00000040     F2837xD_GlobalVariableDefs.obj (OutputXbarRegsFile)

GpioCtrlRegsFile 
*          1    00007c00    00000180     UNINITIALIZED
                  00007c00    00000180     F2837xD_GlobalVariableDefs.obj (GpioCtrlRegsFile)

GpioDataRegsFile 
*          1    00007f00    00000030     UNINITIALIZED
                  00007f00    00000030     F2837xD_GlobalVariableDefs.obj (GpioDataRegsFile)

.ebss.1    1    00012000    00004020     UNINITIALIZED
                  00012000    00004010     DLOG_gen.obj (.ebss)
                  00016010    00000006     F2837xD_TempSensorConv.obj (.ebss)
                  00016016    00000006     rts2800_fpu32.lib : exit.obj (.ebss)
                  0001601c    00000002                       : _lock.obj (.ebss:__lock)
                  0001601e    00000002                       : _lock.obj (.ebss:__unlock)

.ebss.2    1    00016040    00000aac     UNINITIALIZED
                  00016040    00000aac     main.obj (.ebss)

.ebss.3    1    00016b00    00000078     UNINITIALIZED
                  00016b00    00000078     F2837xD_struct.obj (.ebss)

Emif1RegsFile 
*          1    00047000    00000070     UNINITIALIZED
                  00047000    00000070     F2837xD_GlobalVariableDefs.obj (Emif1RegsFile)

Emif2RegsFile 
*          1    00047800    00000070     UNINITIALIZED
                  00047800    00000070     F2837xD_GlobalVariableDefs.obj (Emif2RegsFile)

IpcRegsFile 
*          1    00050000    00000024     UNINITIALIZED
                  00050000    00000024     F2837xD_GlobalVariableDefs.obj (IpcRegsFile)

FlashPumpSemaphoreRegsFile 
*          1    00050024    00000002     UNINITIALIZED
                  00050024    00000002     F2837xD_GlobalVariableDefs.obj (FlashPumpSemaphoreRegsFile)

DevCfgRegsFile 
*          1    0005d000    0000012e     UNINITIALIZED
                  0005d000    0000012e     F2837xD_GlobalVariableDefs.obj (DevCfgRegsFile)

AnalogSubsysRegsFile 
*          1    0005d180    00000048     UNINITIALIZED
                  0005d180    00000048     F2837xD_GlobalVariableDefs.obj (AnalogSubsysRegsFile)

Cla1SoftIntRegsFile 
*          1    00000ce0    00000004     DSECT
                  00000ce0    00000004     F2837xD_GlobalVariableDefs.obj (Cla1SoftIntRegsFile)

ClkCfgRegsFile 
*          1    0005d200    00000032     UNINITIALIZED
                  0005d200    00000032     F2837xD_GlobalVariableDefs.obj (ClkCfgRegsFile)

CpuSysRegsFile 
*          1    0005d300    00000082     UNINITIALIZED
                  0005d300    00000082     F2837xD_GlobalVariableDefs.obj (CpuSysRegsFile)

RomPrefetchRegsFile 
*          1    0005e608    00000002     UNINITIALIZED
                  0005e608    00000002     F2837xD_GlobalVariableDefs.obj (RomPrefetchRegsFile)

DcsmZ1RegsFile 
*          1    0005f000    00000024     UNINITIALIZED
                  0005f000    00000024     F2837xD_GlobalVariableDefs.obj (DcsmZ1RegsFile)

DcsmZ2RegsFile 
*          1    0005f040    00000024     UNINITIALIZED
                  0005f040    00000024     F2837xD_GlobalVariableDefs.obj (DcsmZ2RegsFile)

DcsmCommonRegsFile 
*          1    0005f070    00000008     UNINITIALIZED
                  0005f070    00000008     F2837xD_GlobalVariableDefs.obj (DcsmCommonRegsFile)

MemCfgRegsFile 
*          1    0005f400    00000080     UNINITIALIZED
                  0005f400    00000080     F2837xD_GlobalVariableDefs.obj (MemCfgRegsFile)

Emif1ConfigRegsFile 
*          1    0005f480    00000020     UNINITIALIZED
                  0005f480    00000020     F2837xD_GlobalVariableDefs.obj (Emif1ConfigRegsFile)

Emif2ConfigRegsFile 
*          1    0005f4a0    00000020     UNINITIALIZED
                  0005f4a0    00000020     F2837xD_GlobalVariableDefs.obj (Emif2ConfigRegsFile)

AccessProtectionRegsFile 
*          1    0005f4c0    00000040     UNINITIALIZED
                  0005f4c0    00000040     F2837xD_GlobalVariableDefs.obj (AccessProtectionRegsFile)

MemoryErrorRegsFile 
*          1    0005f500    00000040     UNINITIALIZED
                  0005f500    00000040     F2837xD_GlobalVariableDefs.obj (MemoryErrorRegsFile)

RomWaitStateRegsFile 
*          1    0005f540    00000002     UNINITIALIZED
                  0005f540    00000002     F2837xD_GlobalVariableDefs.obj (RomWaitStateRegsFile)

Flash0CtrlRegsFile 
*          1    0005f800    00000182     UNINITIALIZED
                  0005f800    00000182     F2837xD_GlobalVariableDefs.obj (Flash0CtrlRegsFile)

Flash0EccRegsFile 
*          1    0005fb00    00000028     UNINITIALIZED
                  0005fb00    00000028     F2837xD_GlobalVariableDefs.obj (Flash0EccRegsFile)

DcsmZ1OtpFile 
*          1    00078000    00000020     NOLOAD SECTION
                  00078000    00000020     F2837xD_GlobalVariableDefs.obj (DcsmZ1OtpFile)

DcsmZ2OtpFile 
*          1    00078200    00000020     NOLOAD SECTION
                  00078200    00000020     F2837xD_GlobalVariableDefs.obj (DcsmZ2OtpFile)

MODULE SUMMARY

       Module                           code   ro data   rw data
       ------                           ----   -------   -------
    .\source\
       DLOG_gen.obj                     312    0         16439  
       main.obj                         509    0         3112   
       DCT_REG.obj                      522    0         0      
    +--+--------------------------------+------+---------+---------+
       Total:                           1343   0         19551  
                                                                
    .\source\device\
       F2837xD_GlobalVariableDefs.obj   0      0         8047   
       F2837xD_DefaultISR.obj           1413   0         0      
       F2837xD_SysCtrl.obj              481    0         0      
       F2837xD_struct.obj               0      0         264    
       F2837xD_Gpio.obj                 84     0         0      
       F2837xD_TempSensorConv.obj       0      0         6      
       F2837xD_usDelay.obj              4      0         0      
       F2837xD_DBGIER.obj               3      0         0      
       F2837xD_CodeStartBranch.obj      2      0         0      
    +--+--------------------------------+------+---------+---------+
       Total:                           1987   0         8317   
                                                                
    ../lib/C28x_FPU_Lib.lib
       FIR_f32.obj                      50     0         0      
    +--+--------------------------------+------+---------+---------+
       Total:                           50     0         0      
                                                                
    ../lib/rts2800_fpu32.lib
       boot.obj                         86     0         2      
       cpy_tbl.obj                      70     0         0      
       exit.obj                         41     0         20     
       memcpy.obj                       30     0         0      
       cpy_utils.obj                    26     0         0      
       args_main.obj                    25     0         0      
       ll_aox.obj                       24     0         0      
       _lock.obj                        9      0         14     
       pre_init.obj                     2      0         0      
       startup.obj                      1      0         0      
    +--+--------------------------------+------+---------+---------+
       Total:                           314    0         36     
                                                                
       Stack:                           0      0         512    
    +--+--------------------------------+------+---------+---------+
       Grand Total:                     3694   0         28416  


GLOBAL DATA SYMBOLS: SORTED BY DATA PAGE

address     data page           name
--------    ----------------    ----
00000400      10 (00000400)     __stack

00000b00      2c (00000b00)     _AdcaResultRegs
00000b20      2c (00000b00)     _AdcbResultRegs

00000b40      2d (00000b40)     _AdccResultRegs
00000b60      2d (00000b40)     _AdcdResultRegs

00000c00      30 (00000c00)     _CpuTimer0Regs
00000c08      30 (00000c00)     _CpuTimer1Regs
00000c10      30 (00000c00)     _CpuTimer2Regs

00000ce0      33 (00000cc0)     _Cla1SoftIntRegs
00000ce0      33 (00000cc0)     _PieCtrlRegs

00000d00      34 (00000d00)     _EmuKey
00000d00      34 (00000d00)     _PieVectTable
00000d01      34 (00000d00)     _EmuBMode

00001000      40 (00001000)     _DmaRegs

00001400      50 (00001400)     _Cla1Regs

00004000     100 (00004000)     _EPwm1Regs

00004100     104 (00004100)     _EPwm2Regs

00004200     108 (00004200)     _EPwm3Regs

00004300     10c (00004300)     _EPwm4Regs

00004400     110 (00004400)     _EPwm5Regs

00004500     114 (00004500)     _EPwm6Regs

00004600     118 (00004600)     _EPwm7Regs

00004700     11c (00004700)     _EPwm8Regs

00004800     120 (00004800)     _EPwm9Regs

00004900     124 (00004900)     _EPwm10Regs

00004a00     128 (00004a00)     _EPwm11Regs

00004b00     12c (00004b00)     _EPwm12Regs

00005000     140 (00005000)     _ECap1Regs
00005020     140 (00005000)     _ECap2Regs

00005040     141 (00005040)     _ECap3Regs
00005060     141 (00005040)     _ECap4Regs

00005080     142 (00005080)     _ECap5Regs
000050a0     142 (00005080)     _ECap6Regs

00005100     144 (00005100)     _EQep1Regs

00005140     145 (00005140)     _EQep2Regs

00005180     146 (00005180)     _EQep3Regs

00005c00     170 (00005c00)     _DacaRegs
00005c10     170 (00005c00)     _DacbRegs
00005c20     170 (00005c00)     _DaccRegs

00005c80     172 (00005c80)     _Cmpss1Regs
00005ca0     172 (00005c80)     _Cmpss2Regs

00005cc0     173 (00005cc0)     _Cmpss3Regs
00005ce0     173 (00005cc0)     _Cmpss4Regs

00005d00     174 (00005d00)     _Cmpss5Regs
00005d20     174 (00005d00)     _Cmpss6Regs

00005d40     175 (00005d40)     _Cmpss7Regs
00005d60     175 (00005d40)     _Cmpss8Regs

00005e00     178 (00005e00)     _Sdfm1Regs

00005e80     17a (00005e80)     _Sdfm2Regs

00006000     180 (00006000)     _McbspaRegs

00006040     181 (00006040)     _McbspbRegs

00006100     184 (00006100)     _SpiaRegs
00006110     184 (00006100)     _SpibRegs
00006120     184 (00006100)     _SpicRegs

00006200     188 (00006200)     _UppRegs

00007000     1c0 (00007000)     _WdRegs

00007060     1c1 (00007040)     _NmiIntruptRegs
00007070     1c1 (00007040)     _XintRegs

00007200     1c8 (00007200)     _SciaRegs
00007210     1c8 (00007200)     _ScibRegs
00007220     1c8 (00007200)     _ScicRegs
00007230     1c8 (00007200)     _ScidRegs

00007300     1cc (00007300)     _I2caRegs

00007340     1cd (00007340)     _I2cbRegs

00007400     1d0 (00007400)     _AdcaRegs

00007480     1d2 (00007480)     _AdcbRegs

00007500     1d4 (00007500)     _AdccRegs

00007580     1d6 (00007580)     _AdcdRegs

00007900     1e4 (00007900)     _InputXbarRegs
00007920     1e4 (00007900)     _XbarRegs

00007940     1e5 (00007940)     _SyncSocRegs

00007980     1e6 (00007980)     _DmaClaSrcSelRegs

00007a00     1e8 (00007a00)     _EPwmXbarRegs

00007a80     1ea (00007a80)     _OutputXbarRegs

00007c00     1f0 (00007c00)     _GpioCtrlRegs

00007f00     1fc (00007f00)     _GpioDataRegs

00012000     480 (00012000)     _dlog

00012040     481 (00012040)     _DLOG_b_6

00012840     4a1 (00012840)     _DLOG_b_5

00013040     4c1 (00013040)     _DLOG_b_8

00013840     4e1 (00013840)     _DLOG_b_2

00014040     501 (00014040)     _DLOG_b_1

00014840     521 (00014840)     _DLOG_b_4

00015040     541 (00015040)     _DLOG_b_3

00015840     561 (00015840)     _DLOG_b_7

00016010     580 (00016000)     _tempSensor_tempOffset
00016012     580 (00016000)     _tempSensor_scaleFactor
00016014     580 (00016000)     _tempSensor_tempSlope
00016016     580 (00016000)     ___TI_enable_exit_profile_output
00016018     580 (00016000)     ___TI_cleanup_ptr
0001601a     580 (00016000)     ___TI_dtors_ptr
0001601c     580 (00016000)     __lock
0001601e     580 (00016000)     __unlock

00016040     581 (00016040)     _num_of_min_passed
00016041     581 (00016040)     _i
00016042     581 (00016040)     _num_of_s_passed
00016044     581 (00016040)     _temp1
00016046     581 (00016040)     _RadStep
00016048     581 (00016040)     _kot_50Hz
0001604a     581 (00016040)     _cas_izvajanja_DCT_reg
0001604c     581 (00016040)     _xn
0001604e     581 (00016040)     _yn
00016050     581 (00016040)     _Rad
00016052     581 (00016040)     _Rad2
00016054     581 (00016040)     _TIC_time_1
00016056     581 (00016040)     _TIC_time
00016058     581 (00016040)     _ref_kot
0001605a     581 (00016040)     _RadStep2

00016080     582 (00016080)     _sigOut

00016280     58a (00016280)     _sigIn

00016480     592 (00016480)     _DCT_test

00016b00     5ac (00016b00)     _SCI
00016b04     5ac (00016b00)     _MCBSP
00016b08     5ac (00016b00)     _I2C
00016b0c     5ac (00016b00)     _SDFM
00016b12     5ac (00016b00)     _EQEP
00016b1a     5ac (00016b00)     _SPI
00016b22     5ac (00016b00)     _ADC
00016b2c     5ac (00016b00)     _ECAP

00016b40     5ad (00016b40)     _EPWM
00016b5a     5ad (00016b40)     _TRIP_SEL

00019000     640 (00019000)     _dbuffer

0001a000     680 (0001a000)     _firFP

0001b000     6c0 (0001b000)     _coeff

00047000    11c0 (00047000)     _Emif1Regs

00047800    11e0 (00047800)     _Emif2Regs

00050000    1400 (00050000)     _IpcRegs
00050024    1400 (00050000)     _FlashPumpSemaphoreRegs

0005d000    1740 (0005d000)     _DevCfgRegs

0005d180    1746 (0005d180)     _AnalogSubsysRegs

0005d200    1748 (0005d200)     _ClkCfgRegs

0005d300    174c (0005d300)     _CpuSysRegs

0005e608    1798 (0005e600)     _RomPrefetchRegs

0005f000    17c0 (0005f000)     _DcsmZ1Regs

0005f040    17c1 (0005f040)     _DcsmZ2Regs
0005f070    17c1 (0005f040)     _DcsmCommonRegs

0005f400    17d0 (0005f400)     _MemCfgRegs

0005f480    17d2 (0005f480)     _Emif1ConfigRegs
0005f4a0    17d2 (0005f480)     _Emif2ConfigRegs

0005f4c0    17d3 (0005f4c0)     _AccessProtectionRegs

0005f500    17d4 (0005f500)     _MemoryErrorRegs

0005f540    17d5 (0005f540)     _RomWaitStateRegs

0005f800    17e0 (0005f800)     _Flash0CtrlRegs

0005fb00    17ec (0005fb00)     _Flash0EccRegs

00078000    1e00 (00078000)     _DcsmZ1Otp

00078200    1e08 (00078200)     _DcsmZ2Otp


GLOBAL SYMBOLS: SORTED ALPHABETICALLY BY Name 

page  address   name                                  
----  -------   ----                                  
abs   ffffffff  .bss                                  
abs   ffffffff  .text                                 
0     0000843f  C$$EXIT                               
0     000084f7  LL$$AND                               
0     000084ff  LL$$OR                                
0     00008507  LL$$XOR                               
1     00016b22  _ADC                                  
0     00008562  _ADCA1_ISR                            
0     0000856c  _ADCA2_ISR                            
0     00008576  _ADCA3_ISR                            
0     00008580  _ADCA4_ISR                            
0     0000858a  _ADCA_EVT_ISR                         
0     00008594  _ADCB1_ISR                            
0     0000859e  _ADCB2_ISR                            
0     000085a8  _ADCB3_ISR                            
0     000085b2  _ADCB4_ISR                            
0     000085bc  _ADCB_EVT_ISR                         
0     000085c6  _ADCC1_ISR                            
0     000085d0  _ADCC2_ISR                            
0     000085da  _ADCC3_ISR                            
0     000085e4  _ADCC4_ISR                            
0     000085ee  _ADCC_EVT_ISR                         
0     000085f8  _ADCD1_ISR                            
0     00008602  _ADCD2_ISR                            
0     0000860c  _ADCD3_ISR                            
0     00008616  _ADCD4_ISR                            
0     00008620  _ADCD_EVT_ISR                         
0     0000862a  _AUX_PLL_SLIP_ISR                     
1     0005f4c0  _AccessProtectionRegs                 
1     00007400  _AdcaRegs                             
1     00000b00  _AdcaResultRegs                       
1     00007480  _AdcbRegs                             
1     00000b20  _AdcbResultRegs                       
1     00007500  _AdccRegs                             
1     00000b40  _AdccResultRegs                       
1     00007580  _AdcdRegs                             
1     00000b60  _AdcdResultRegs                       
1     0005d180  _AnalogSubsysRegs                     
0     00008634  _CANA0_ISR                            
0     0000863e  _CANA1_ISR                            
0     00008648  _CANB0_ISR                            
0     00008652  _CANB1_ISR                            
0     0000865c  _CLA1_1_ISR                           
0     00008666  _CLA1_2_ISR                           
0     00008670  _CLA1_3_ISR                           
0     0000867a  _CLA1_4_ISR                           
0     00008684  _CLA1_5_ISR                           
0     0000868e  _CLA1_6_ISR                           
0     00008698  _CLA1_7_ISR                           
0     000086a2  _CLA1_8_ISR                           
0     000086ac  _CLA_OVERFLOW_ISR                     
0     000086b6  _CLA_UNDERFLOW_ISR                    
1     00001400  _Cla1Regs                             
0     00000ce0  _Cla1SoftIntRegs                      
1     0005d200  _ClkCfgRegs                           
1     00005c80  _Cmpss1Regs                           
1     00005ca0  _Cmpss2Regs                           
1     00005cc0  _Cmpss3Regs                           
1     00005ce0  _Cmpss4Regs                           
1     00005d00  _Cmpss5Regs                           
1     00005d20  _Cmpss6Regs                           
1     00005d40  _Cmpss7Regs                           
1     00005d60  _Cmpss8Regs                           
1     0005d300  _CpuSysRegs                           
1     00000c00  _CpuTimer0Regs                        
1     00000c08  _CpuTimer1Regs                        
1     00000c10  _CpuTimer2Regs                        
0     000086c0  _DATALOG_ISR                          
0     00008b00  _DCT_REG_CALC                         
1     00016480  _DCT_test                             
0     00008d0a  _DLOG_GEN_update                      
1     00014040  _DLOG_b_1                             
1     00013840  _DLOG_b_2                             
1     00015040  _DLOG_b_3                             
1     00014840  _DLOG_b_4                             
1     00012840  _DLOG_b_5                             
1     00012040  _DLOG_b_6                             
1     00015840  _DLOG_b_7                             
1     00013040  _DLOG_b_8                             
0     000086ca  _DMA_CH1_ISR                          
0     000086d4  _DMA_CH2_ISR                          
0     000086de  _DMA_CH3_ISR                          
0     000086e8  _DMA_CH4_ISR                          
0     000086f2  _DMA_CH5_ISR                          
0     000086fc  _DMA_CH6_ISR                          
1     00005c00  _DacaRegs                             
1     00005c10  _DacbRegs                             
1     00005c20  _DaccRegs                             
1     0005f070  _DcsmCommonRegs                       
1     00078000  _DcsmZ1Otp                            
1     0005f000  _DcsmZ1Regs                           
1     00078200  _DcsmZ2Otp                            
1     0005f040  _DcsmZ2Regs                           
1     0005d000  _DevCfgRegs                           
0     00008525  _DisableDog                           
1     00007980  _DmaClaSrcSelRegs                     
1     00001000  _DmaRegs                              
1     00016b2c  _ECAP                                 
0     00008706  _ECAP1_ISR                            
0     00008710  _ECAP2_ISR                            
0     0000871a  _ECAP3_ISR                            
0     00008724  _ECAP4_ISR                            
0     0000872e  _ECAP5_ISR                            
0     00008738  _ECAP6_ISR                            
1     00005000  _ECap1Regs                            
1     00005020  _ECap2Regs                            
1     00005040  _ECap3Regs                            
1     00005060  _ECap4Regs                            
1     00005080  _ECap5Regs                            
1     000050a0  _ECap6Regs                            
0     00008742  _EMIF_ERROR_ISR                       
0     00008533  _EMPTY_ISR                            
0     0000874c  _EMU_ISR                              
1     00016b40  _EPWM                                 
0     00008756  _EPWM10_ISR                           
0     00008760  _EPWM10_TZ_ISR                        
0     0000876a  _EPWM11_ISR                           
0     00008774  _EPWM11_TZ_ISR                        
0     0000877e  _EPWM12_ISR                           
0     00008788  _EPWM12_TZ_ISR                        
0     00008792  _EPWM1_ISR                            
0     0000879c  _EPWM1_TZ_ISR                         
0     000087a6  _EPWM2_ISR                            
0     000087b0  _EPWM2_TZ_ISR                         
0     000087ba  _EPWM3_ISR                            
0     000087c4  _EPWM3_TZ_ISR                         
0     000087ce  _EPWM4_ISR                            
0     000087d8  _EPWM4_TZ_ISR                         
0     000087e2  _EPWM5_ISR                            
0     000087ec  _EPWM5_TZ_ISR                         
0     000087f6  _EPWM6_ISR                            
0     00008800  _EPWM6_TZ_ISR                         
0     0000880a  _EPWM7_ISR                            
0     00008814  _EPWM7_TZ_ISR                         
0     0000881e  _EPWM8_ISR                            
0     00008828  _EPWM8_TZ_ISR                         
0     00008832  _EPWM9_ISR                            
0     0000883c  _EPWM9_TZ_ISR                         
1     00004900  _EPwm10Regs                           
1     00004a00  _EPwm11Regs                           
1     00004b00  _EPwm12Regs                           
1     00004000  _EPwm1Regs                            
1     00004100  _EPwm2Regs                            
1     00004200  _EPwm3Regs                            
1     00004300  _EPwm4Regs                            
1     00004400  _EPwm5Regs                            
1     00004500  _EPwm6Regs                            
1     00004600  _EPwm7Regs                            
1     00004700  _EPwm8Regs                            
1     00004800  _EPwm9Regs                            
1     00007a00  _EPwmXbarRegs                         
1     00016b12  _EQEP                                 
0     00008846  _EQEP1_ISR                            
0     00008850  _EQEP2_ISR                            
0     0000885a  _EQEP3_ISR                            
1     00005100  _EQep1Regs                            
1     00005140  _EQep2Regs                            
1     00005180  _EQep3Regs                            
1     0005f480  _Emif1ConfigRegs                      
1     00047000  _Emif1Regs                            
1     0005f4a0  _Emif2ConfigRegs                      
1     00047800  _Emif2Regs                            
1     00000d01  _EmuBMode                             
1     00000d00  _EmuKey                               
0     00008e6b  _F28x_usDelay                         
0     00008419  _FIR_FP_calc                          
0     0000840d  _FIR_FP_init                          
0     00008864  _FLASH_CORRECTABLE_ERROR_ISR          
0     0000886e  _FPU_OVERFLOW_ISR                     
0     00008878  _FPU_UNDERFLOW_ISR                    
1     0005f800  _Flash0CtrlRegs                       
1     0005fb00  _Flash0EccRegs                        
1     00050024  _FlashPumpSemaphoreRegs               
0     0000850f  _GPIO_EnableUnbondedIOPullups         
0     00008468  _GPIO_EnableUnbondedIOPullupsFor100Pin
0     000084c5  _GPIO_EnableUnbondedIOPullupsFor176Pin
1     00007c00  _GpioCtrlRegs                         
1     00007f00  _GpioDataRegs                         
1     00016b08  _I2C                                  
0     00008882  _I2CA_FIFO_ISR                        
0     0000888c  _I2CA_ISR                             
0     00008896  _I2CB_FIFO_ISR                        
0     000088a0  _I2CB_ISR                             
1     00007300  _I2caRegs                             
1     00007340  _I2cbRegs                             
0     000088aa  _ILLEGAL_ISR                          
0     000088b4  _IPC0_ISR                             
0     000088be  _IPC1_ISR                             
0     000088c8  _IPC2_ISR                             
0     000088d2  _IPC3_ISR                             
0     00008e42  _InitFlash                            
0     000082ad  _InitPeripheralClocks                 
0     000083cd  _InitSysCtrl                          
0     000081e7  _InitSysPll                           
1     00007900  _InputXbarRegs                        
1     00050000  _IpcRegs                              
1     00016b04  _MCBSP                                
0     000088dc  _MCBSPA_RX_ISR                        
0     000088e6  _MCBSPA_TX_ISR                        
0     000088f0  _MCBSPB_RX_ISR                        
0     000088fa  _MCBSPB_TX_ISR                        
1     00006000  _McbspaRegs                           
1     00006040  _McbspbRegs                           
1     0005f400  _MemCfgRegs                           
1     0005f500  _MemoryErrorRegs                      
0     00008904  _NMI_ISR                              
0     0000890e  _NOTUSED_ISR                          
1     00007060  _NmiIntruptRegs                       
1     00007a80  _OutputXbarRegs                       
0     00008918  _PIE_RESERVED_ISR                     
1     00000ce0  _PieCtrlRegs                          
1     00000d00  _PieVectTable                         
0     00008922  _RAM_ACCESS_VIOLATION_ISR             
0     0000892c  _RAM_CORRECTABLE_ERROR_ISR            
0     00008936  _RTOS_ISR                             
1     00016050  _Rad                                  
1     00016052  _Rad2                                 
1     00016046  _RadStep                              
1     0001605a  _RadStep2                             
0     00008e6f  _RamfuncsLoadEnd                      
abs   0000036f  _RamfuncsLoadSize                     
0     00008b00  _RamfuncsLoadStart                    
0     00008e6f  _RamfuncsRunEnd                       
abs   0000036f  _RamfuncsRunSize                      
0     00008b00  _RamfuncsRunStart                     
1     0005e608  _RomPrefetchRegs                      
1     0005f540  _RomWaitStateRegs                     
1     00016b00  _SCI                                  
0     00008940  _SCIA_RX_ISR                          
0     0000894a  _SCIA_TX_ISR                          
0     00008954  _SCIB_RX_ISR                          
0     0000895e  _SCIB_TX_ISR                          
0     00008968  _SCIC_RX_ISR                          
0     00008972  _SCIC_TX_ISR                          
0     0000897c  _SCID_RX_ISR                          
0     00008986  _SCID_TX_ISR                          
0     00008990  _SD1_ISR                              
0     0000899a  _SD2_ISR                              
1     00016b0c  _SDFM                                 
1     00016b1a  _SPI                                  
0     000089a4  _SPIA_RX_ISR                          
0     000089ae  _SPIA_TX_ISR                          
0     000089b8  _SPIB_RX_ISR                          
0     000089c2  _SPIB_TX_ISR                          
0     000089cc  _SPIC_RX_ISR                          
0     000089d6  _SPIC_TX_ISR                          
0     000089e0  _SYS_PLL_SLIP_ISR                     
1     00007200  _SciaRegs                             
1     00007210  _ScibRegs                             
1     00007220  _ScicRegs                             
1     00007230  _ScidRegs                             
1     00005e00  _Sdfm1Regs                            
1     00005e80  _Sdfm2Regs                            
0     00008af7  _SetDBGIER                            
1     00006100  _SpiaRegs                             
1     00006110  _SpibRegs                             
1     00006120  _SpicRegs                             
1     00007940  _SyncSocRegs                          
0     000089ea  _SysIntOsc1Sel                        
0     000089f4  _SysIntOsc2Sel                        
0     00008540  _SysXtalOscSel                        
1     00016056  _TIC_time                             
1     00016054  _TIC_time_1                           
0     000089fe  _TIMER0_ISR                           
0     00008a08  _TIMER1_ISR                           
0     00008a12  _TIMER2_ISR                           
1     00016b5a  _TRIP_SEL                             
0     00008a1c  _UPPA_ISR                             
0     00008a26  _USBA_ISR                             
0     00008a30  _USER10_ISR                           
0     00008a3a  _USER11_ISR                           
0     00008a44  _USER12_ISR                           
0     00008a4e  _USER1_ISR                            
0     00008a58  _USER2_ISR                            
0     00008a62  _USER3_ISR                            
0     00008a6c  _USER4_ISR                            
0     00008a76  _USER5_ISR                            
0     00008a80  _USER6_ISR                            
0     00008a8a  _USER7_ISR                            
0     00008a94  _USER8_ISR                            
0     00008a9e  _USER9_ISR                            
1     00006200  _UppRegs                              
0     00008aa8  _VCU_ISR                              
0     00008ab2  _WAKE_ISR                             
1     00007000  _WdRegs                               
0     00008abc  _XINT1_ISR                            
0     00008ac6  _XINT2_ISR                            
0     00008ad0  _XINT3_ISR                            
0     00008ada  _XINT4_ISR                            
0     00008ae4  _XINT5_ISR                            
1     00007920  _XbarRegs                             
1     00007070  _XintRegs                             
1     00000600  __STACK_END                           
abs   00000200  __STACK_SIZE                          
1     00016018  ___TI_cleanup_ptr                     
1     0001601a  ___TI_dtors_ptr                       
1     00016016  ___TI_enable_exit_profile_output      
abs   ffffffff  ___TI_pprof_out_hndl                  
abs   ffffffff  ___TI_prof_data_size                  
abs   ffffffff  ___TI_prof_data_start                 
abs   ffffffff  ___binit__                            
abs   ffffffff  ___bss__                              
abs   ffffffff  ___c_args__                           
0     0000b000  ___cinit__                            
abs   ffffffff  ___end__                              
abs   ffffffff  ___etext__                            
abs   ffffffff  ___pinit__                            
abs   ffffffff  ___text__                             
0     000084de  __args_main                           
1     0001601c  __lock                                
0     00008af6  __nop                                 
0     00008af2  __register_lock                       
0     00008aee  __register_unlock                     
1     00000400  __stack                               
0     00008afc  __system_post_cinit                   
0     00008afa  __system_pre_init                     
1     0001601e  __unlock                              
0     0000843f  _abort                                
0     00008331  _c_int00                              
1     0001604a  _cas_izvajanja_DCT_reg                
1     0001b000  _coeff                                
0     00008387  _copy_in                              
1     00019000  _dbuffer                              
0     000084ab  _ddcopy                               
1     00012000  _dlog                                 
0     000084ab  _dpcopy                               
0     00008441  _exit                                 
1     0001a000  _firFP                                
1     00016041  _i                                    
1     00016048  _kot_50Hz                             
0     00008000  _main                                 
0     0000848d  _memcpy                               
1     00016040  _num_of_min_passed                    
1     00016042  _num_of_s_passed                      
0     000084ab  _pdcopy                               
0     000084ab  _ppcopy                               
1     00016058  _ref_kot                              
1     00016280  _sigIn                                
1     00016080  _sigOut                               
1     00000600  _stack_end                            
1     00000400  _stack_start                          
1     00016044  _temp1                                
1     00016012  _tempSensor_scaleFactor               
1     00016010  _tempSensor_tempOffset                
1     00016014  _tempSensor_tempSlope                 
1     0001604c  _xn                                   
1     0001604e  _yn                                   
abs   ffffffff  binit                                 
0     0000b000  cinit                                 
0     00000000  code_start                            
abs   ffffffff  end                                   
abs   ffffffff  etext                                 
abs   ffffffff  pinit                                 


GLOBAL SYMBOLS: SORTED BY Symbol Address 

page  address   name                                  
----  -------   ----                                  
0     00000000  code_start                            
0     00000ce0  _Cla1SoftIntRegs                      
0     00008000  _main                                 
0     000081e7  _InitSysPll                           
0     000082ad  _InitPeripheralClocks                 
0     00008331  _c_int00                              
0     00008387  _copy_in                              
0     000083cd  _InitSysCtrl                          
0     0000840d  _FIR_FP_init                          
0     00008419  _FIR_FP_calc                          
0     0000843f  C$$EXIT                               
0     0000843f  _abort                                
0     00008441  _exit                                 
0     00008468  _GPIO_EnableUnbondedIOPullupsFor100Pin
0     0000848d  _memcpy                               
0     000084ab  _ddcopy                               
0     000084ab  _dpcopy                               
0     000084ab  _pdcopy                               
0     000084ab  _ppcopy                               
0     000084c5  _GPIO_EnableUnbondedIOPullupsFor176Pin
0     000084de  __args_main                           
0     000084f7  LL$$AND                               
0     000084ff  LL$$OR                                
0     00008507  LL$$XOR                               
0     0000850f  _GPIO_EnableUnbondedIOPullups         
0     00008525  _DisableDog                           
0     00008533  _EMPTY_ISR                            
0     00008540  _SysXtalOscSel                        
0     00008562  _ADCA1_ISR                            
0     0000856c  _ADCA2_ISR                            
0     00008576  _ADCA3_ISR                            
0     00008580  _ADCA4_ISR                            
0     0000858a  _ADCA_EVT_ISR                         
0     00008594  _ADCB1_ISR                            
0     0000859e  _ADCB2_ISR                            
0     000085a8  _ADCB3_ISR                            
0     000085b2  _ADCB4_ISR                            
0     000085bc  _ADCB_EVT_ISR                         
0     000085c6  _ADCC1_ISR                            
0     000085d0  _ADCC2_ISR                            
0     000085da  _ADCC3_ISR                            
0     000085e4  _ADCC4_ISR                            
0     000085ee  _ADCC_EVT_ISR                         
0     000085f8  _ADCD1_ISR                            
0     00008602  _ADCD2_ISR                            
0     0000860c  _ADCD3_ISR                            
0     00008616  _ADCD4_ISR                            
0     00008620  _ADCD_EVT_ISR                         
0     0000862a  _AUX_PLL_SLIP_ISR                     
0     00008634  _CANA0_ISR                            
0     0000863e  _CANA1_ISR                            
0     00008648  _CANB0_ISR                            
0     00008652  _CANB1_ISR                            
0     0000865c  _CLA1_1_ISR                           
0     00008666  _CLA1_2_ISR                           
0     00008670  _CLA1_3_ISR                           
0     0000867a  _CLA1_4_ISR                           
0     00008684  _CLA1_5_ISR                           
0     0000868e  _CLA1_6_ISR                           
0     00008698  _CLA1_7_ISR                           
0     000086a2  _CLA1_8_ISR                           
0     000086ac  _CLA_OVERFLOW_ISR                     
0     000086b6  _CLA_UNDERFLOW_ISR                    
0     000086c0  _DATALOG_ISR                          
0     000086ca  _DMA_CH1_ISR                          
0     000086d4  _DMA_CH2_ISR                          
0     000086de  _DMA_CH3_ISR                          
0     000086e8  _DMA_CH4_ISR                          
0     000086f2  _DMA_CH5_ISR                          
0     000086fc  _DMA_CH6_ISR                          
0     00008706  _ECAP1_ISR                            
0     00008710  _ECAP2_ISR                            
0     0000871a  _ECAP3_ISR                            
0     00008724  _ECAP4_ISR                            
0     0000872e  _ECAP5_ISR                            
0     00008738  _ECAP6_ISR                            
0     00008742  _EMIF_ERROR_ISR                       
0     0000874c  _EMU_ISR                              
0     00008756  _EPWM10_ISR                           
0     00008760  _EPWM10_TZ_ISR                        
0     0000876a  _EPWM11_ISR                           
0     00008774  _EPWM11_TZ_ISR                        
0     0000877e  _EPWM12_ISR                           
0     00008788  _EPWM12_TZ_ISR                        
0     00008792  _EPWM1_ISR                            
0     0000879c  _EPWM1_TZ_ISR                         
0     000087a6  _EPWM2_ISR                            
0     000087b0  _EPWM2_TZ_ISR                         
0     000087ba  _EPWM3_ISR                            
0     000087c4  _EPWM3_TZ_ISR                         
0     000087ce  _EPWM4_ISR                            
0     000087d8  _EPWM4_TZ_ISR                         
0     000087e2  _EPWM5_ISR                            
0     000087ec  _EPWM5_TZ_ISR                         
0     000087f6  _EPWM6_ISR                            
0     00008800  _EPWM6_TZ_ISR                         
0     0000880a  _EPWM7_ISR                            
0     00008814  _EPWM7_TZ_ISR                         
0     0000881e  _EPWM8_ISR                            
0     00008828  _EPWM8_TZ_ISR                         
0     00008832  _EPWM9_ISR                            
0     0000883c  _EPWM9_TZ_ISR                         
0     00008846  _EQEP1_ISR                            
0     00008850  _EQEP2_ISR                            
0     0000885a  _EQEP3_ISR                            
0     00008864  _FLASH_CORRECTABLE_ERROR_ISR          
0     0000886e  _FPU_OVERFLOW_ISR                     
0     00008878  _FPU_UNDERFLOW_ISR                    
0     00008882  _I2CA_FIFO_ISR                        
0     0000888c  _I2CA_ISR                             
0     00008896  _I2CB_FIFO_ISR                        
0     000088a0  _I2CB_ISR                             
0     000088aa  _ILLEGAL_ISR                          
0     000088b4  _IPC0_ISR                             
0     000088be  _IPC1_ISR                             
0     000088c8  _IPC2_ISR                             
0     000088d2  _IPC3_ISR                             
0     000088dc  _MCBSPA_RX_ISR                        
0     000088e6  _MCBSPA_TX_ISR                        
0     000088f0  _MCBSPB_RX_ISR                        
0     000088fa  _MCBSPB_TX_ISR                        
0     00008904  _NMI_ISR                              
0     0000890e  _NOTUSED_ISR                          
0     00008918  _PIE_RESERVED_ISR                     
0     00008922  _RAM_ACCESS_VIOLATION_ISR             
0     0000892c  _RAM_CORRECTABLE_ERROR_ISR            
0     00008936  _RTOS_ISR                             
0     00008940  _SCIA_RX_ISR                          
0     0000894a  _SCIA_TX_ISR                          
0     00008954  _SCIB_RX_ISR                          
0     0000895e  _SCIB_TX_ISR                          
0     00008968  _SCIC_RX_ISR                          
0     00008972  _SCIC_TX_ISR                          
0     0000897c  _SCID_RX_ISR                          
0     00008986  _SCID_TX_ISR                          
0     00008990  _SD1_ISR                              
0     0000899a  _SD2_ISR                              
0     000089a4  _SPIA_RX_ISR                          
0     000089ae  _SPIA_TX_ISR                          
0     000089b8  _SPIB_RX_ISR                          
0     000089c2  _SPIB_TX_ISR                          
0     000089cc  _SPIC_RX_ISR                          
0     000089d6  _SPIC_TX_ISR                          
0     000089e0  _SYS_PLL_SLIP_ISR                     
0     000089ea  _SysIntOsc1Sel                        
0     000089f4  _SysIntOsc2Sel                        
0     000089fe  _TIMER0_ISR                           
0     00008a08  _TIMER1_ISR                           
0     00008a12  _TIMER2_ISR                           
0     00008a1c  _UPPA_ISR                             
0     00008a26  _USBA_ISR                             
0     00008a30  _USER10_ISR                           
0     00008a3a  _USER11_ISR                           
0     00008a44  _USER12_ISR                           
0     00008a4e  _USER1_ISR                            
0     00008a58  _USER2_ISR                            
0     00008a62  _USER3_ISR                            
0     00008a6c  _USER4_ISR                            
0     00008a76  _USER5_ISR                            
0     00008a80  _USER6_ISR                            
0     00008a8a  _USER7_ISR                            
0     00008a94  _USER8_ISR                            
0     00008a9e  _USER9_ISR                            
0     00008aa8  _VCU_ISR                              
0     00008ab2  _WAKE_ISR                             
0     00008abc  _XINT1_ISR                            
0     00008ac6  _XINT2_ISR                            
0     00008ad0  _XINT3_ISR                            
0     00008ada  _XINT4_ISR                            
0     00008ae4  _XINT5_ISR                            
0     00008aee  __register_unlock                     
0     00008af2  __register_lock                       
0     00008af6  __nop                                 
0     00008af7  _SetDBGIER                            
0     00008afa  __system_pre_init                     
0     00008afc  __system_post_cinit                   
0     00008b00  _DCT_REG_CALC                         
0     00008b00  _RamfuncsLoadStart                    
0     00008b00  _RamfuncsRunStart                     
0     00008d0a  _DLOG_GEN_update                      
0     00008e42  _InitFlash                            
0     00008e6b  _F28x_usDelay                         
0     00008e6f  _RamfuncsLoadEnd                      
0     00008e6f  _RamfuncsRunEnd                       
0     0000b000  ___cinit__                            
0     0000b000  cinit                                 
1     00000400  __stack                               
1     00000400  _stack_start                          
1     00000600  __STACK_END                           
1     00000600  _stack_end                            
1     00000b00  _AdcaResultRegs                       
1     00000b20  _AdcbResultRegs                       
1     00000b40  _AdccResultRegs                       
1     00000b60  _AdcdResultRegs                       
1     00000c00  _CpuTimer0Regs                        
1     00000c08  _CpuTimer1Regs                        
1     00000c10  _CpuTimer2Regs                        
1     00000ce0  _PieCtrlRegs                          
1     00000d00  _EmuKey                               
1     00000d00  _PieVectTable                         
1     00000d01  _EmuBMode                             
1     00001000  _DmaRegs                              
1     00001400  _Cla1Regs                             
1     00004000  _EPwm1Regs                            
1     00004100  _EPwm2Regs                            
1     00004200  _EPwm3Regs                            
1     00004300  _EPwm4Regs                            
1     00004400  _EPwm5Regs                            
1     00004500  _EPwm6Regs                            
1     00004600  _EPwm7Regs                            
1     00004700  _EPwm8Regs                            
1     00004800  _EPwm9Regs                            
1     00004900  _EPwm10Regs                           
1     00004a00  _EPwm11Regs                           
1     00004b00  _EPwm12Regs                           
1     00005000  _ECap1Regs                            
1     00005020  _ECap2Regs                            
1     00005040  _ECap3Regs                            
1     00005060  _ECap4Regs                            
1     00005080  _ECap5Regs                            
1     000050a0  _ECap6Regs                            
1     00005100  _EQep1Regs                            
1     00005140  _EQep2Regs                            
1     00005180  _EQep3Regs                            
1     00005c00  _DacaRegs                             
1     00005c10  _DacbRegs                             
1     00005c20  _DaccRegs                             
1     00005c80  _Cmpss1Regs                           
1     00005ca0  _Cmpss2Regs                           
1     00005cc0  _Cmpss3Regs                           
1     00005ce0  _Cmpss4Regs                           
1     00005d00  _Cmpss5Regs                           
1     00005d20  _Cmpss6Regs                           
1     00005d40  _Cmpss7Regs                           
1     00005d60  _Cmpss8Regs                           
1     00005e00  _Sdfm1Regs                            
1     00005e80  _Sdfm2Regs                            
1     00006000  _McbspaRegs                           
1     00006040  _McbspbRegs                           
1     00006100  _SpiaRegs                             
1     00006110  _SpibRegs                             
1     00006120  _SpicRegs                             
1     00006200  _UppRegs                              
1     00007000  _WdRegs                               
1     00007060  _NmiIntruptRegs                       
1     00007070  _XintRegs                             
1     00007200  _SciaRegs                             
1     00007210  _ScibRegs                             
1     00007220  _ScicRegs                             
1     00007230  _ScidRegs                             
1     00007300  _I2caRegs                             
1     00007340  _I2cbRegs                             
1     00007400  _AdcaRegs                             
1     00007480  _AdcbRegs                             
1     00007500  _AdccRegs                             
1     00007580  _AdcdRegs                             
1     00007900  _InputXbarRegs                        
1     00007920  _XbarRegs                             
1     00007940  _SyncSocRegs                          
1     00007980  _DmaClaSrcSelRegs                     
1     00007a00  _EPwmXbarRegs                         
1     00007a80  _OutputXbarRegs                       
1     00007c00  _GpioCtrlRegs                         
1     00007f00  _GpioDataRegs                         
1     00012000  _dlog                                 
1     00012040  _DLOG_b_6                             
1     00012840  _DLOG_b_5                             
1     00013040  _DLOG_b_8                             
1     00013840  _DLOG_b_2                             
1     00014040  _DLOG_b_1                             
1     00014840  _DLOG_b_4                             
1     00015040  _DLOG_b_3                             
1     00015840  _DLOG_b_7                             
1     00016010  _tempSensor_tempOffset                
1     00016012  _tempSensor_scaleFactor               
1     00016014  _tempSensor_tempSlope                 
1     00016016  ___TI_enable_exit_profile_output      
1     00016018  ___TI_cleanup_ptr                     
1     0001601a  ___TI_dtors_ptr                       
1     0001601c  __lock                                
1     0001601e  __unlock                              
1     00016040  _num_of_min_passed                    
1     00016041  _i                                    
1     00016042  _num_of_s_passed                      
1     00016044  _temp1                                
1     00016046  _RadStep                              
1     00016048  _kot_50Hz                             
1     0001604a  _cas_izvajanja_DCT_reg                
1     0001604c  _xn                                   
1     0001604e  _yn                                   
1     00016050  _Rad                                  
1     00016052  _Rad2                                 
1     00016054  _TIC_time_1                           
1     00016056  _TIC_time                             
1     00016058  _ref_kot                              
1     0001605a  _RadStep2                             
1     00016080  _sigOut                               
1     00016280  _sigIn                                
1     00016480  _DCT_test                             
1     00016b00  _SCI                                  
1     00016b04  _MCBSP                                
1     00016b08  _I2C                                  
1     00016b0c  _SDFM                                 
1     00016b12  _EQEP                                 
1     00016b1a  _SPI                                  
1     00016b22  _ADC                                  
1     00016b2c  _ECAP                                 
1     00016b40  _EPWM                                 
1     00016b5a  _TRIP_SEL                             
1     00019000  _dbuffer                              
1     0001a000  _firFP                                
1     0001b000  _coeff                                
1     00047000  _Emif1Regs                            
1     00047800  _Emif2Regs                            
1     00050000  _IpcRegs                              
1     00050024  _FlashPumpSemaphoreRegs               
1     0005d000  _DevCfgRegs                           
1     0005d180  _AnalogSubsysRegs                     
1     0005d200  _ClkCfgRegs                           
1     0005d300  _CpuSysRegs                           
1     0005e608  _RomPrefetchRegs                      
1     0005f000  _DcsmZ1Regs                           
1     0005f040  _DcsmZ2Regs                           
1     0005f070  _DcsmCommonRegs                       
1     0005f400  _MemCfgRegs                           
1     0005f480  _Emif1ConfigRegs                      
1     0005f4a0  _Emif2ConfigRegs                      
1     0005f4c0  _AccessProtectionRegs                 
1     0005f500  _MemoryErrorRegs                      
1     0005f540  _RomWaitStateRegs                     
1     0005f800  _Flash0CtrlRegs                       
1     0005fb00  _Flash0EccRegs                        
1     00078000  _DcsmZ1Otp                            
1     00078200  _DcsmZ2Otp                            
abs   00000200  __STACK_SIZE                          
abs   0000036f  _RamfuncsLoadSize                     
abs   0000036f  _RamfuncsRunSize                      
abs   ffffffff  .bss                                  
abs   ffffffff  .text                                 
abs   ffffffff  ___TI_pprof_out_hndl                  
abs   ffffffff  ___TI_prof_data_size                  
abs   ffffffff  ___TI_prof_data_start                 
abs   ffffffff  ___binit__                            
abs   ffffffff  ___bss__                              
abs   ffffffff  ___c_args__                           
abs   ffffffff  ___end__                              
abs   ffffffff  ___etext__                            
abs   ffffffff  ___pinit__                            
abs   ffffffff  ___text__                             
abs   ffffffff  binit                                 
abs   ffffffff  end                                   
abs   ffffffff  etext                                 
abs   ffffffff  pinit                                 

[353 symbols]
