<?xml version="1.0"?>
<link_info>
   <banner>TMS320C2000 Linker PC v15.12.4.LTS</banner>
   <copyright>Copyright (c) 1996-2015 Texas Instruments Incorporated</copyright>
   <link_time>0x59c0e4fc</link_time>
   <link_errors>0x0</link_errors>
   <output_file>Test_DCT.out</output_file>
   <entry_point>
      <name>_c_int00</name>
      <address>0x8331</address>
   </entry_point>
   <input_file_list>
      <input_file id="fl-6">
         <path>.\source\</path>
         <kind>object</kind>
         <file>DCT_REG.obj</file>
         <name>DCT_REG.obj</name>
      </input_file>
      <input_file id="fl-7">
         <path>.\source\</path>
         <kind>object</kind>
         <file>DLOG_gen.obj</file>
         <name>DLOG_gen.obj</name>
      </input_file>
      <input_file id="fl-8">
         <path>.\source\</path>
         <kind>object</kind>
         <file>main.obj</file>
         <name>main.obj</name>
      </input_file>
      <input_file id="fl-9">
         <path>.\source\device\</path>
         <kind>object</kind>
         <file>F2837xD_Adc.obj</file>
         <name>F2837xD_Adc.obj</name>
      </input_file>
      <input_file id="fl-a">
         <path>.\source\device\</path>
         <kind>object</kind>
         <file>F2837xD_CodeStartBranch.obj</file>
         <name>F2837xD_CodeStartBranch.obj</name>
      </input_file>
      <input_file id="fl-b">
         <path>.\source\device\</path>
         <kind>object</kind>
         <file>F2837xD_DBGIER.obj</file>
         <name>F2837xD_DBGIER.obj</name>
      </input_file>
      <input_file id="fl-c">
         <path>.\source\device\</path>
         <kind>object</kind>
         <file>F2837xD_DefaultISR.obj</file>
         <name>F2837xD_DefaultISR.obj</name>
      </input_file>
      <input_file id="fl-d">
         <path>.\source\device\</path>
         <kind>object</kind>
         <file>F2837xD_GlobalVariableDefs.obj</file>
         <name>F2837xD_GlobalVariableDefs.obj</name>
      </input_file>
      <input_file id="fl-e">
         <path>.\source\device\</path>
         <kind>object</kind>
         <file>F2837xD_Gpio.obj</file>
         <name>F2837xD_Gpio.obj</name>
      </input_file>
      <input_file id="fl-f">
         <path>.\source\device\</path>
         <kind>object</kind>
         <file>F2837xD_Ipc.obj</file>
         <name>F2837xD_Ipc.obj</name>
      </input_file>
      <input_file id="fl-10">
         <path>.\source\device\</path>
         <kind>object</kind>
         <file>F2837xD_PieCtrl.obj</file>
         <name>F2837xD_PieCtrl.obj</name>
      </input_file>
      <input_file id="fl-11">
         <path>.\source\device\</path>
         <kind>object</kind>
         <file>F2837xD_PieVect.obj</file>
         <name>F2837xD_PieVect.obj</name>
      </input_file>
      <input_file id="fl-12">
         <path>.\source\device\</path>
         <kind>object</kind>
         <file>F2837xD_SysCtrl.obj</file>
         <name>F2837xD_SysCtrl.obj</name>
      </input_file>
      <input_file id="fl-13">
         <path>.\source\device\</path>
         <kind>object</kind>
         <file>F2837xD_TempSensorConv.obj</file>
         <name>F2837xD_TempSensorConv.obj</name>
      </input_file>
      <input_file id="fl-14">
         <path>.\source\device\</path>
         <kind>object</kind>
         <file>F2837xD_struct.obj</file>
         <name>F2837xD_struct.obj</name>
      </input_file>
      <input_file id="fl-15">
         <path>.\source\device\</path>
         <kind>object</kind>
         <file>F2837xD_usDelay.obj</file>
         <name>F2837xD_usDelay.obj</name>
      </input_file>
      <input_file id="fl-18">
         <path>..\lib\</path>
         <kind>archive</kind>
         <file>rts2800_fpu32.lib</file>
         <name>boot.obj</name>
      </input_file>
      <input_file id="fl-1b">
         <path>..\lib\</path>
         <kind>archive</kind>
         <file>rts2800_fpu32.lib</file>
         <name>cpy_tbl.obj</name>
      </input_file>
      <input_file id="fl-1c">
         <path>..\lib\</path>
         <kind>archive</kind>
         <file>rts2800_fpu32.lib</file>
         <name>cpy_utils.obj</name>
      </input_file>
      <input_file id="fl-1d">
         <path>..\lib\</path>
         <kind>archive</kind>
         <file>rts2800_fpu32.lib</file>
         <name>exit.obj</name>
      </input_file>
      <input_file id="fl-1e">
         <path>..\lib\</path>
         <kind>archive</kind>
         <file>rts2800_fpu32.lib</file>
         <name>pre_init.obj</name>
      </input_file>
      <input_file id="fl-1f">
         <path>..\lib\</path>
         <kind>archive</kind>
         <file>rts2800_fpu32.lib</file>
         <name>startup.obj</name>
      </input_file>
      <input_file id="fl-20">
         <path>..\lib\</path>
         <kind>archive</kind>
         <file>rts2800_fpu32.lib</file>
         <name>_lock.obj</name>
      </input_file>
      <input_file id="fl-21">
         <path>..\lib\</path>
         <kind>archive</kind>
         <file>rts2800_fpu32.lib</file>
         <name>args_main.obj</name>
      </input_file>
      <input_file id="fl-22">
         <path>..\lib\</path>
         <kind>archive</kind>
         <file>C28x_FPU_Lib.lib</file>
         <name>FIR_f32.obj</name>
      </input_file>
      <input_file id="fl-23">
         <path>..\lib\</path>
         <kind>archive</kind>
         <file>rts2800_fpu32.lib</file>
         <name>ll_aox.obj</name>
      </input_file>
      <input_file id="fl-24">
         <path>..\lib\</path>
         <kind>archive</kind>
         <file>rts2800_fpu32.lib</file>
         <name>memcpy.obj</name>
      </input_file>
      <input_file id="fl-25">
         <path>..\lib\</path>
         <kind>archive</kind>
         <file>rts2800_fpu32.lib</file>
         <name>memset.obj</name>
      </input_file>
   </input_file_list>
   <object_component_list>
      <object_component id="oc-89">
         <name>.ebss</name>
         <uninitialized>true</uninitialized>
         <run_address>0x12000</run_address>
         <size>0x4010</size>
         <input_file_ref idref="fl-7"/>
      </object_component>
      <object_component id="oc-1b6">
         <name>.ebss</name>
         <uninitialized>true</uninitialized>
         <run_address>0x16010</run_address>
         <size>0x6</size>
         <input_file_ref idref="fl-13"/>
      </object_component>
      <object_component id="oc-1d6">
         <name>.ebss</name>
         <uninitialized>true</uninitialized>
         <run_address>0x16016</run_address>
         <size>0x6</size>
         <input_file_ref idref="fl-1d"/>
      </object_component>
      <object_component id="oc-205">
         <name>.ebss:__lock</name>
         <uninitialized>true</uninitialized>
         <run_address>0x1601c</run_address>
         <size>0x2</size>
         <input_file_ref idref="fl-20"/>
      </object_component>
      <object_component id="oc-214">
         <name>.ebss:__unlock</name>
         <uninitialized>true</uninitialized>
         <run_address>0x1601e</run_address>
         <size>0x2</size>
         <input_file_ref idref="fl-20"/>
      </object_component>
      <object_component id="oc-90">
         <name>.ebss</name>
         <uninitialized>true</uninitialized>
         <run_address>0x16040</run_address>
         <size>0xaac</size>
         <input_file_ref idref="fl-8"/>
      </object_component>
      <object_component id="oc-1bd">
         <name>.ebss</name>
         <uninitialized>true</uninitialized>
         <run_address>0x16b00</run_address>
         <size>0x78</size>
         <input_file_ref idref="fl-14"/>
      </object_component>
      <object_component id="oc-92">
         <name>firldb</name>
         <uninitialized>true</uninitialized>
         <run_address>0x19000</run_address>
         <size>0x80</size>
         <input_file_ref idref="fl-8"/>
      </object_component>
      <object_component id="oc-91">
         <name>firfilt</name>
         <uninitialized>true</uninitialized>
         <run_address>0x1a000</run_address>
         <size>0xe</size>
         <input_file_ref idref="fl-8"/>
      </object_component>
      <object_component id="oc-93">
         <name>coefffilt</name>
         <load_address>0x1b000</load_address>
         <run_address>0x1b000</run_address>
         <size>0x80</size>
         <input_file_ref idref="fl-8"/>
      </object_component>
      <object_component id="oc-204">
         <name>.text:_main</name>
         <load_address>0x8000</load_address>
         <run_address>0x8000</run_address>
         <size>0x1e7</size>
         <input_file_ref idref="fl-8"/>
      </object_component>
      <object_component id="oc-212">
         <name>.text:_InitSysPll</name>
         <load_address>0x81e7</load_address>
         <run_address>0x81e7</run_address>
         <size>0xc6</size>
         <input_file_ref idref="fl-12"/>
      </object_component>
      <object_component id="oc-213">
         <name>.text:_InitPeripheralClocks</name>
         <load_address>0x82ad</load_address>
         <run_address>0x82ad</run_address>
         <size>0x84</size>
         <input_file_ref idref="fl-12"/>
      </object_component>
      <object_component id="oc-81">
         <name>.text</name>
         <load_address>0x8331</load_address>
         <run_address>0x8331</run_address>
         <size>0x56</size>
         <input_file_ref idref="fl-18"/>
      </object_component>
      <object_component id="oc-200">
         <name>.text</name>
         <load_address>0x8387</load_address>
         <run_address>0x8387</run_address>
         <size>0x46</size>
         <input_file_ref idref="fl-1b"/>
      </object_component>
      <object_component id="oc-207">
         <name>.text:_InitSysCtrl</name>
         <load_address>0x83cd</load_address>
         <run_address>0x83cd</run_address>
         <size>0x40</size>
         <input_file_ref idref="fl-12"/>
      </object_component>
      <object_component id="oc-1ef">
         <name>.text</name>
         <load_address>0x840d</load_address>
         <run_address>0x840d</run_address>
         <size>0x32</size>
         <input_file_ref idref="fl-22"/>
      </object_component>
      <object_component id="oc-203">
         <name>.text</name>
         <load_address>0x843f</load_address>
         <run_address>0x843f</run_address>
         <size>0x29</size>
         <input_file_ref idref="fl-1d"/>
      </object_component>
      <object_component id="oc-215">
         <name>.text:_GPIO_EnableUnbondedIOPullupsFor100Pin</name>
         <load_address>0x8468</load_address>
         <run_address>0x8468</run_address>
         <size>0x25</size>
         <input_file_ref idref="fl-e"/>
      </object_component>
      <object_component id="oc-20f">
         <name>.text</name>
         <load_address>0x848d</load_address>
         <run_address>0x848d</run_address>
         <size>0x1e</size>
         <input_file_ref idref="fl-24"/>
      </object_component>
      <object_component id="oc-1cf">
         <name>.text</name>
         <load_address>0x84ab</load_address>
         <run_address>0x84ab</run_address>
         <size>0x1a</size>
         <input_file_ref idref="fl-1c"/>
      </object_component>
      <object_component id="oc-216">
         <name>.text:_GPIO_EnableUnbondedIOPullupsFor176Pin</name>
         <load_address>0x84c5</load_address>
         <run_address>0x84c5</run_address>
         <size>0x19</size>
         <input_file_ref idref="fl-e"/>
      </object_component>
      <object_component id="oc-202">
         <name>.text</name>
         <load_address>0x84de</load_address>
         <run_address>0x84de</run_address>
         <size>0x19</size>
         <input_file_ref idref="fl-21"/>
      </object_component>
      <object_component id="oc-1f0">
         <name>.text</name>
         <load_address>0x84f7</load_address>
         <run_address>0x84f7</run_address>
         <size>0x18</size>
         <input_file_ref idref="fl-23"/>
      </object_component>
      <object_component id="oc-211">
         <name>.text:_GPIO_EnableUnbondedIOPullups</name>
         <load_address>0x850f</load_address>
         <run_address>0x850f</run_address>
         <size>0x16</size>
         <input_file_ref idref="fl-e"/>
      </object_component>
      <object_component id="oc-20e">
         <name>.text:_DisableDog</name>
         <load_address>0x8525</load_address>
         <run_address>0x8525</run_address>
         <size>0xe</size>
         <input_file_ref idref="fl-12"/>
      </object_component>
      <object_component id="oc-133">
         <name>.text:_EMPTY_ISR</name>
         <load_address>0x8533</load_address>
         <run_address>0x8533</run_address>
         <size>0xd</size>
         <input_file_ref idref="fl-c"/>
      </object_component>
      <object_component id="oc-219">
         <name>.text:_SysXtalOscSel</name>
         <load_address>0x8540</load_address>
         <run_address>0x8540</run_address>
         <size>0xc</size>
         <input_file_ref idref="fl-12"/>
      </object_component>
      <object_component id="oc-208">
         <name>.text:___relaxed_cos</name>
         <load_address>0x854c</load_address>
         <run_address>0x854c</run_address>
         <size>0xb</size>
         <input_file_ref idref="fl-8"/>
      </object_component>
      <object_component id="oc-209">
         <name>.text:___relaxed_sin</name>
         <load_address>0x8557</load_address>
         <run_address>0x8557</run_address>
         <size>0xb</size>
         <input_file_ref idref="fl-8"/>
      </object_component>
      <object_component id="oc-bb">
         <name>.text:_ADCA1_ISR</name>
         <load_address>0x8562</load_address>
         <run_address>0x8562</run_address>
         <size>0xa</size>
         <input_file_ref idref="fl-c"/>
      </object_component>
      <object_component id="oc-fb">
         <name>.text:_ADCA2_ISR</name>
         <load_address>0x856c</load_address>
         <run_address>0x856c</run_address>
         <size>0xa</size>
         <input_file_ref idref="fl-c"/>
      </object_component>
      <object_component id="oc-fc">
         <name>.text:_ADCA3_ISR</name>
         <load_address>0x8576</load_address>
         <run_address>0x8576</run_address>
         <size>0xa</size>
         <input_file_ref idref="fl-c"/>
      </object_component>
      <object_component id="oc-fd">
         <name>.text:_ADCA4_ISR</name>
         <load_address>0x8580</load_address>
         <run_address>0x8580</run_address>
         <size>0xa</size>
         <input_file_ref idref="fl-c"/>
      </object_component>
      <object_component id="oc-fa">
         <name>.text:_ADCA_EVT_ISR</name>
         <load_address>0x858a</load_address>
         <run_address>0x858a</run_address>
         <size>0xa</size>
         <input_file_ref idref="fl-c"/>
      </object_component>
      <object_component id="oc-bc">
         <name>.text:_ADCB1_ISR</name>
         <load_address>0x8594</load_address>
         <run_address>0x8594</run_address>
         <size>0xa</size>
         <input_file_ref idref="fl-c"/>
      </object_component>
      <object_component id="oc-ff">
         <name>.text:_ADCB2_ISR</name>
         <load_address>0x859e</load_address>
         <run_address>0x859e</run_address>
         <size>0xa</size>
         <input_file_ref idref="fl-c"/>
      </object_component>
      <object_component id="oc-100">
         <name>.text:_ADCB3_ISR</name>
         <load_address>0x85a8</load_address>
         <run_address>0x85a8</run_address>
         <size>0xa</size>
         <input_file_ref idref="fl-c"/>
      </object_component>
      <object_component id="oc-101">
         <name>.text:_ADCB4_ISR</name>
         <load_address>0x85b2</load_address>
         <run_address>0x85b2</run_address>
         <size>0xa</size>
         <input_file_ref idref="fl-c"/>
      </object_component>
      <object_component id="oc-fe">
         <name>.text:_ADCB_EVT_ISR</name>
         <load_address>0x85bc</load_address>
         <run_address>0x85bc</run_address>
         <size>0xa</size>
         <input_file_ref idref="fl-c"/>
      </object_component>
      <object_component id="oc-bd">
         <name>.text:_ADCC1_ISR</name>
         <load_address>0x85c6</load_address>
         <run_address>0x85c6</run_address>
         <size>0xa</size>
         <input_file_ref idref="fl-c"/>
      </object_component>
      <object_component id="oc-123">
         <name>.text:_ADCC2_ISR</name>
         <load_address>0x85d0</load_address>
         <run_address>0x85d0</run_address>
         <size>0xa</size>
         <input_file_ref idref="fl-c"/>
      </object_component>
      <object_component id="oc-124">
         <name>.text:_ADCC3_ISR</name>
         <load_address>0x85da</load_address>
         <run_address>0x85da</run_address>
         <size>0xa</size>
         <input_file_ref idref="fl-c"/>
      </object_component>
      <object_component id="oc-125">
         <name>.text:_ADCC4_ISR</name>
         <load_address>0x85e4</load_address>
         <run_address>0x85e4</run_address>
         <size>0xa</size>
         <input_file_ref idref="fl-c"/>
      </object_component>
      <object_component id="oc-122">
         <name>.text:_ADCC_EVT_ISR</name>
         <load_address>0x85ee</load_address>
         <run_address>0x85ee</run_address>
         <size>0xa</size>
         <input_file_ref idref="fl-c"/>
      </object_component>
      <object_component id="oc-c0">
         <name>.text:_ADCD1_ISR</name>
         <load_address>0x85f8</load_address>
         <run_address>0x85f8</run_address>
         <size>0xa</size>
         <input_file_ref idref="fl-c"/>
      </object_component>
      <object_component id="oc-127">
         <name>.text:_ADCD2_ISR</name>
         <load_address>0x8602</load_address>
         <run_address>0x8602</run_address>
         <size>0xa</size>
         <input_file_ref idref="fl-c"/>
      </object_component>
      <object_component id="oc-128">
         <name>.text:_ADCD3_ISR</name>
         <load_address>0x860c</load_address>
         <run_address>0x860c</run_address>
         <size>0xa</size>
         <input_file_ref idref="fl-c"/>
      </object_component>
      <object_component id="oc-129">
         <name>.text:_ADCD4_ISR</name>
         <load_address>0x8616</load_address>
         <run_address>0x8616</run_address>
         <size>0xa</size>
         <input_file_ref idref="fl-c"/>
      </object_component>
      <object_component id="oc-126">
         <name>.text:_ADCD_EVT_ISR</name>
         <load_address>0x8620</load_address>
         <run_address>0x8620</run_address>
         <size>0xa</size>
         <input_file_ref idref="fl-c"/>
      </object_component>
      <object_component id="oc-12f">
         <name>.text:_AUX_PLL_SLIP_ISR</name>
         <load_address>0x862a</load_address>
         <run_address>0x862a</run_address>
         <size>0xa</size>
         <input_file_ref idref="fl-c"/>
      </object_component>
      <object_component id="oc-f6">
         <name>.text:_CANA0_ISR</name>
         <load_address>0x8634</load_address>
         <run_address>0x8634</run_address>
         <size>0xa</size>
         <input_file_ref idref="fl-c"/>
      </object_component>
      <object_component id="oc-f7">
         <name>.text:_CANA1_ISR</name>
         <load_address>0x863e</load_address>
         <run_address>0x863e</run_address>
         <size>0xa</size>
         <input_file_ref idref="fl-c"/>
      </object_component>
      <object_component id="oc-f8">
         <name>.text:_CANB0_ISR</name>
         <load_address>0x8648</load_address>
         <run_address>0x8648</run_address>
         <size>0xa</size>
         <input_file_ref idref="fl-c"/>
      </object_component>
      <object_component id="oc-f9">
         <name>.text:_CANB1_ISR</name>
         <load_address>0x8652</load_address>
         <run_address>0x8652</run_address>
         <size>0xa</size>
         <input_file_ref idref="fl-c"/>
      </object_component>
      <object_component id="oc-102">
         <name>.text:_CLA1_1_ISR</name>
         <load_address>0x865c</load_address>
         <run_address>0x865c</run_address>
         <size>0xa</size>
         <input_file_ref idref="fl-c"/>
      </object_component>
      <object_component id="oc-103">
         <name>.text:_CLA1_2_ISR</name>
         <load_address>0x8666</load_address>
         <run_address>0x8666</run_address>
         <size>0xa</size>
         <input_file_ref idref="fl-c"/>
      </object_component>
      <object_component id="oc-104">
         <name>.text:_CLA1_3_ISR</name>
         <load_address>0x8670</load_address>
         <run_address>0x8670</run_address>
         <size>0xa</size>
         <input_file_ref idref="fl-c"/>
      </object_component>
      <object_component id="oc-105">
         <name>.text:_CLA1_4_ISR</name>
         <load_address>0x867a</load_address>
         <run_address>0x867a</run_address>
         <size>0xa</size>
         <input_file_ref idref="fl-c"/>
      </object_component>
      <object_component id="oc-106">
         <name>.text:_CLA1_5_ISR</name>
         <load_address>0x8684</load_address>
         <run_address>0x8684</run_address>
         <size>0xa</size>
         <input_file_ref idref="fl-c"/>
      </object_component>
      <object_component id="oc-107">
         <name>.text:_CLA1_6_ISR</name>
         <load_address>0x868e</load_address>
         <run_address>0x868e</run_address>
         <size>0xa</size>
         <input_file_ref idref="fl-c"/>
      </object_component>
      <object_component id="oc-108">
         <name>.text:_CLA1_7_ISR</name>
         <load_address>0x8698</load_address>
         <run_address>0x8698</run_address>
         <size>0xa</size>
         <input_file_ref idref="fl-c"/>
      </object_component>
      <object_component id="oc-109">
         <name>.text:_CLA1_8_ISR</name>
         <load_address>0x86a2</load_address>
         <run_address>0x86a2</run_address>
         <size>0xa</size>
         <input_file_ref idref="fl-c"/>
      </object_component>
      <object_component id="oc-130">
         <name>.text:_CLA_OVERFLOW_ISR</name>
         <load_address>0x86ac</load_address>
         <run_address>0x86ac</run_address>
         <size>0xa</size>
         <input_file_ref idref="fl-c"/>
      </object_component>
      <object_component id="oc-131">
         <name>.text:_CLA_UNDERFLOW_ISR</name>
         <load_address>0x86b6</load_address>
         <run_address>0x86b6</run_address>
         <size>0xa</size>
         <input_file_ref idref="fl-c"/>
      </object_component>
      <object_component id="oc-aa">
         <name>.text:_DATALOG_ISR</name>
         <load_address>0x86c0</load_address>
         <run_address>0x86c0</run_address>
         <size>0xa</size>
         <input_file_ref idref="fl-c"/>
      </object_component>
      <object_component id="oc-e4">
         <name>.text:_DMA_CH1_ISR</name>
         <load_address>0x86ca</load_address>
         <run_address>0x86ca</run_address>
         <size>0xa</size>
         <input_file_ref idref="fl-c"/>
      </object_component>
      <object_component id="oc-e5">
         <name>.text:_DMA_CH2_ISR</name>
         <load_address>0x86d4</load_address>
         <run_address>0x86d4</run_address>
         <size>0xa</size>
         <input_file_ref idref="fl-c"/>
      </object_component>
      <object_component id="oc-e6">
         <name>.text:_DMA_CH3_ISR</name>
         <load_address>0x86de</load_address>
         <run_address>0x86de</run_address>
         <size>0xa</size>
         <input_file_ref idref="fl-c"/>
      </object_component>
      <object_component id="oc-e7">
         <name>.text:_DMA_CH4_ISR</name>
         <load_address>0x86e8</load_address>
         <run_address>0x86e8</run_address>
         <size>0xa</size>
         <input_file_ref idref="fl-c"/>
      </object_component>
      <object_component id="oc-e8">
         <name>.text:_DMA_CH5_ISR</name>
         <load_address>0x86f2</load_address>
         <run_address>0x86f2</run_address>
         <size>0xa</size>
         <input_file_ref idref="fl-c"/>
      </object_component>
      <object_component id="oc-e9">
         <name>.text:_DMA_CH6_ISR</name>
         <load_address>0x86fc</load_address>
         <run_address>0x86fc</run_address>
         <size>0xa</size>
         <input_file_ref idref="fl-c"/>
      </object_component>
      <object_component id="oc-d3">
         <name>.text:_ECAP1_ISR</name>
         <load_address>0x8706</load_address>
         <run_address>0x8706</run_address>
         <size>0xa</size>
         <input_file_ref idref="fl-c"/>
      </object_component>
      <object_component id="oc-d4">
         <name>.text:_ECAP2_ISR</name>
         <load_address>0x8710</load_address>
         <run_address>0x8710</run_address>
         <size>0xa</size>
         <input_file_ref idref="fl-c"/>
      </object_component>
      <object_component id="oc-d5">
         <name>.text:_ECAP3_ISR</name>
         <load_address>0x871a</load_address>
         <run_address>0x871a</run_address>
         <size>0xa</size>
         <input_file_ref idref="fl-c"/>
      </object_component>
      <object_component id="oc-d6">
         <name>.text:_ECAP4_ISR</name>
         <load_address>0x8724</load_address>
         <run_address>0x8724</run_address>
         <size>0xa</size>
         <input_file_ref idref="fl-c"/>
      </object_component>
      <object_component id="oc-d7">
         <name>.text:_ECAP5_ISR</name>
         <load_address>0x872e</load_address>
         <run_address>0x872e</run_address>
         <size>0xa</size>
         <input_file_ref idref="fl-c"/>
      </object_component>
      <object_component id="oc-d8">
         <name>.text:_ECAP6_ISR</name>
         <load_address>0x8738</load_address>
         <run_address>0x8738</run_address>
         <size>0xa</size>
         <input_file_ref idref="fl-c"/>
      </object_component>
      <object_component id="oc-12a">
         <name>.text:_EMIF_ERROR_ISR</name>
         <load_address>0x8742</load_address>
         <run_address>0x8742</run_address>
         <size>0xa</size>
         <input_file_ref idref="fl-c"/>
      </object_component>
      <object_component id="oc-ac">
         <name>.text:_EMU_ISR</name>
         <load_address>0x874c</load_address>
         <run_address>0x874c</run_address>
         <size>0xa</size>
         <input_file_ref idref="fl-c"/>
      </object_component>
      <object_component id="oc-119">
         <name>.text:_EPWM10_ISR</name>
         <load_address>0x8756</load_address>
         <run_address>0x8756</run_address>
         <size>0xa</size>
         <input_file_ref idref="fl-c"/>
      </object_component>
      <object_component id="oc-115">
         <name>.text:_EPWM10_TZ_ISR</name>
         <load_address>0x8760</load_address>
         <run_address>0x8760</run_address>
         <size>0xa</size>
         <input_file_ref idref="fl-c"/>
      </object_component>
      <object_component id="oc-11a">
         <name>.text:_EPWM11_ISR</name>
         <load_address>0x876a</load_address>
         <run_address>0x876a</run_address>
         <size>0xa</size>
         <input_file_ref idref="fl-c"/>
      </object_component>
      <object_component id="oc-116">
         <name>.text:_EPWM11_TZ_ISR</name>
         <load_address>0x8774</load_address>
         <run_address>0x8774</run_address>
         <size>0xa</size>
         <input_file_ref idref="fl-c"/>
      </object_component>
      <object_component id="oc-11b">
         <name>.text:_EPWM12_ISR</name>
         <load_address>0x877e</load_address>
         <run_address>0x877e</run_address>
         <size>0xa</size>
         <input_file_ref idref="fl-c"/>
      </object_component>
      <object_component id="oc-117">
         <name>.text:_EPWM12_TZ_ISR</name>
         <load_address>0x8788</load_address>
         <run_address>0x8788</run_address>
         <size>0xa</size>
         <input_file_ref idref="fl-c"/>
      </object_component>
      <object_component id="oc-cb">
         <name>.text:_EPWM1_ISR</name>
         <load_address>0x8792</load_address>
         <run_address>0x8792</run_address>
         <size>0xa</size>
         <input_file_ref idref="fl-c"/>
      </object_component>
      <object_component id="oc-c3">
         <name>.text:_EPWM1_TZ_ISR</name>
         <load_address>0x879c</load_address>
         <run_address>0x879c</run_address>
         <size>0xa</size>
         <input_file_ref idref="fl-c"/>
      </object_component>
      <object_component id="oc-cc">
         <name>.text:_EPWM2_ISR</name>
         <load_address>0x87a6</load_address>
         <run_address>0x87a6</run_address>
         <size>0xa</size>
         <input_file_ref idref="fl-c"/>
      </object_component>
      <object_component id="oc-c4">
         <name>.text:_EPWM2_TZ_ISR</name>
         <load_address>0x87b0</load_address>
         <run_address>0x87b0</run_address>
         <size>0xa</size>
         <input_file_ref idref="fl-c"/>
      </object_component>
      <object_component id="oc-cd">
         <name>.text:_EPWM3_ISR</name>
         <load_address>0x87ba</load_address>
         <run_address>0x87ba</run_address>
         <size>0xa</size>
         <input_file_ref idref="fl-c"/>
      </object_component>
      <object_component id="oc-c5">
         <name>.text:_EPWM3_TZ_ISR</name>
         <load_address>0x87c4</load_address>
         <run_address>0x87c4</run_address>
         <size>0xa</size>
         <input_file_ref idref="fl-c"/>
      </object_component>
      <object_component id="oc-ce">
         <name>.text:_EPWM4_ISR</name>
         <load_address>0x87ce</load_address>
         <run_address>0x87ce</run_address>
         <size>0xa</size>
         <input_file_ref idref="fl-c"/>
      </object_component>
      <object_component id="oc-c6">
         <name>.text:_EPWM4_TZ_ISR</name>
         <load_address>0x87d8</load_address>
         <run_address>0x87d8</run_address>
         <size>0xa</size>
         <input_file_ref idref="fl-c"/>
      </object_component>
      <object_component id="oc-cf">
         <name>.text:_EPWM5_ISR</name>
         <load_address>0x87e2</load_address>
         <run_address>0x87e2</run_address>
         <size>0xa</size>
         <input_file_ref idref="fl-c"/>
      </object_component>
      <object_component id="oc-c7">
         <name>.text:_EPWM5_TZ_ISR</name>
         <load_address>0x87ec</load_address>
         <run_address>0x87ec</run_address>
         <size>0xa</size>
         <input_file_ref idref="fl-c"/>
      </object_component>
      <object_component id="oc-d0">
         <name>.text:_EPWM6_ISR</name>
         <load_address>0x87f6</load_address>
         <run_address>0x87f6</run_address>
         <size>0xa</size>
         <input_file_ref idref="fl-c"/>
      </object_component>
      <object_component id="oc-c8">
         <name>.text:_EPWM6_TZ_ISR</name>
         <load_address>0x8800</load_address>
         <run_address>0x8800</run_address>
         <size>0xa</size>
         <input_file_ref idref="fl-c"/>
      </object_component>
      <object_component id="oc-d1">
         <name>.text:_EPWM7_ISR</name>
         <load_address>0x880a</load_address>
         <run_address>0x880a</run_address>
         <size>0xa</size>
         <input_file_ref idref="fl-c"/>
      </object_component>
      <object_component id="oc-c9">
         <name>.text:_EPWM7_TZ_ISR</name>
         <load_address>0x8814</load_address>
         <run_address>0x8814</run_address>
         <size>0xa</size>
         <input_file_ref idref="fl-c"/>
      </object_component>
      <object_component id="oc-d2">
         <name>.text:_EPWM8_ISR</name>
         <load_address>0x881e</load_address>
         <run_address>0x881e</run_address>
         <size>0xa</size>
         <input_file_ref idref="fl-c"/>
      </object_component>
      <object_component id="oc-ca">
         <name>.text:_EPWM8_TZ_ISR</name>
         <load_address>0x8828</load_address>
         <run_address>0x8828</run_address>
         <size>0xa</size>
         <input_file_ref idref="fl-c"/>
      </object_component>
      <object_component id="oc-118">
         <name>.text:_EPWM9_ISR</name>
         <load_address>0x8832</load_address>
         <run_address>0x8832</run_address>
         <size>0xa</size>
         <input_file_ref idref="fl-c"/>
      </object_component>
      <object_component id="oc-114">
         <name>.text:_EPWM9_TZ_ISR</name>
         <load_address>0x883c</load_address>
         <run_address>0x883c</run_address>
         <size>0xa</size>
         <input_file_ref idref="fl-c"/>
      </object_component>
      <object_component id="oc-d9">
         <name>.text:_EQEP1_ISR</name>
         <load_address>0x8846</load_address>
         <run_address>0x8846</run_address>
         <size>0xa</size>
         <input_file_ref idref="fl-c"/>
      </object_component>
      <object_component id="oc-da">
         <name>.text:_EQEP2_ISR</name>
         <load_address>0x8850</load_address>
         <run_address>0x8850</run_address>
         <size>0xa</size>
         <input_file_ref idref="fl-c"/>
      </object_component>
      <object_component id="oc-db">
         <name>.text:_EQEP3_ISR</name>
         <load_address>0x885a</load_address>
         <run_address>0x885a</run_address>
         <size>0xa</size>
         <input_file_ref idref="fl-c"/>
      </object_component>
      <object_component id="oc-12c">
         <name>.text:_FLASH_CORRECTABLE_ERROR_ISR</name>
         <load_address>0x8864</load_address>
         <run_address>0x8864</run_address>
         <size>0xa</size>
         <input_file_ref idref="fl-c"/>
      </object_component>
      <object_component id="oc-10e">
         <name>.text:_FPU_OVERFLOW_ISR</name>
         <load_address>0x886e</load_address>
         <run_address>0x886e</run_address>
         <size>0xa</size>
         <input_file_ref idref="fl-c"/>
      </object_component>
      <object_component id="oc-10f">
         <name>.text:_FPU_UNDERFLOW_ISR</name>
         <load_address>0x8878</load_address>
         <run_address>0x8878</run_address>
         <size>0xa</size>
         <input_file_ref idref="fl-c"/>
      </object_component>
      <object_component id="oc-eb">
         <name>.text:_I2CA_FIFO_ISR</name>
         <load_address>0x8882</load_address>
         <run_address>0x8882</run_address>
         <size>0xa</size>
         <input_file_ref idref="fl-c"/>
      </object_component>
      <object_component id="oc-ea">
         <name>.text:_I2CA_ISR</name>
         <load_address>0x888c</load_address>
         <run_address>0x888c</run_address>
         <size>0xa</size>
         <input_file_ref idref="fl-c"/>
      </object_component>
      <object_component id="oc-ed">
         <name>.text:_I2CB_FIFO_ISR</name>
         <load_address>0x8896</load_address>
         <run_address>0x8896</run_address>
         <size>0xa</size>
         <input_file_ref idref="fl-c"/>
      </object_component>
      <object_component id="oc-ec">
         <name>.text:_I2CB_ISR</name>
         <load_address>0x88a0</load_address>
         <run_address>0x88a0</run_address>
         <size>0xa</size>
         <input_file_ref idref="fl-c"/>
      </object_component>
      <object_component id="oc-ae">
         <name>.text:_ILLEGAL_ISR</name>
         <load_address>0x88aa</load_address>
         <run_address>0x88aa</run_address>
         <size>0xa</size>
         <input_file_ref idref="fl-c"/>
      </object_component>
      <object_component id="oc-110">
         <name>.text:_IPC0_ISR</name>
         <load_address>0x88b4</load_address>
         <run_address>0x88b4</run_address>
         <size>0xa</size>
         <input_file_ref idref="fl-c"/>
      </object_component>
      <object_component id="oc-111">
         <name>.text:_IPC1_ISR</name>
         <load_address>0x88be</load_address>
         <run_address>0x88be</run_address>
         <size>0xa</size>
         <input_file_ref idref="fl-c"/>
      </object_component>
      <object_component id="oc-112">
         <name>.text:_IPC2_ISR</name>
         <load_address>0x88c8</load_address>
         <run_address>0x88c8</run_address>
         <size>0xa</size>
         <input_file_ref idref="fl-c"/>
      </object_component>
      <object_component id="oc-113">
         <name>.text:_IPC3_ISR</name>
         <load_address>0x88d2</load_address>
         <run_address>0x88d2</run_address>
         <size>0xa</size>
         <input_file_ref idref="fl-c"/>
      </object_component>
      <object_component id="oc-e0">
         <name>.text:_MCBSPA_RX_ISR</name>
         <load_address>0x88dc</load_address>
         <run_address>0x88dc</run_address>
         <size>0xa</size>
         <input_file_ref idref="fl-c"/>
      </object_component>
      <object_component id="oc-e1">
         <name>.text:_MCBSPA_TX_ISR</name>
         <load_address>0x88e6</load_address>
         <run_address>0x88e6</run_address>
         <size>0xa</size>
         <input_file_ref idref="fl-c"/>
      </object_component>
      <object_component id="oc-e2">
         <name>.text:_MCBSPB_RX_ISR</name>
         <load_address>0x88f0</load_address>
         <run_address>0x88f0</run_address>
         <size>0xa</size>
         <input_file_ref idref="fl-c"/>
      </object_component>
      <object_component id="oc-e3">
         <name>.text:_MCBSPB_TX_ISR</name>
         <load_address>0x88fa</load_address>
         <run_address>0x88fa</run_address>
         <size>0xa</size>
         <input_file_ref idref="fl-c"/>
      </object_component>
      <object_component id="oc-ad">
         <name>.text:_NMI_ISR</name>
         <load_address>0x8904</load_address>
         <run_address>0x8904</run_address>
         <size>0xa</size>
         <input_file_ref idref="fl-c"/>
      </object_component>
      <object_component id="oc-134">
         <name>.text:_NOTUSED_ISR</name>
         <load_address>0x890e</load_address>
         <run_address>0x890e</run_address>
         <size>0xa</size>
         <input_file_ref idref="fl-c"/>
      </object_component>
      <object_component id="oc-132">
         <name>.text:_PIE_RESERVED_ISR</name>
         <load_address>0x8918</load_address>
         <run_address>0x8918</run_address>
         <size>0xa</size>
         <input_file_ref idref="fl-c"/>
      </object_component>
      <object_component id="oc-12d">
         <name>.text:_RAM_ACCESS_VIOLATION_ISR</name>
         <load_address>0x8922</load_address>
         <run_address>0x8922</run_address>
         <size>0xa</size>
         <input_file_ref idref="fl-c"/>
      </object_component>
      <object_component id="oc-12b">
         <name>.text:_RAM_CORRECTABLE_ERROR_ISR</name>
         <load_address>0x892c</load_address>
         <run_address>0x892c</run_address>
         <size>0xa</size>
         <input_file_ref idref="fl-c"/>
      </object_component>
      <object_component id="oc-ab">
         <name>.text:_RTOS_ISR</name>
         <load_address>0x8936</load_address>
         <run_address>0x8936</run_address>
         <size>0xa</size>
         <input_file_ref idref="fl-c"/>
      </object_component>
      <object_component id="oc-f2">
         <name>.text:_SCIA_RX_ISR</name>
         <load_address>0x8940</load_address>
         <run_address>0x8940</run_address>
         <size>0xa</size>
         <input_file_ref idref="fl-c"/>
      </object_component>
      <object_component id="oc-f3">
         <name>.text:_SCIA_TX_ISR</name>
         <load_address>0x894a</load_address>
         <run_address>0x894a</run_address>
         <size>0xa</size>
         <input_file_ref idref="fl-c"/>
      </object_component>
      <object_component id="oc-f4">
         <name>.text:_SCIB_RX_ISR</name>
         <load_address>0x8954</load_address>
         <run_address>0x8954</run_address>
         <size>0xa</size>
         <input_file_ref idref="fl-c"/>
      </object_component>
      <object_component id="oc-f5">
         <name>.text:_SCIB_TX_ISR</name>
         <load_address>0x895e</load_address>
         <run_address>0x895e</run_address>
         <size>0xa</size>
         <input_file_ref idref="fl-c"/>
      </object_component>
      <object_component id="oc-ee">
         <name>.text:_SCIC_RX_ISR</name>
         <load_address>0x8968</load_address>
         <run_address>0x8968</run_address>
         <size>0xa</size>
         <input_file_ref idref="fl-c"/>
      </object_component>
      <object_component id="oc-ef">
         <name>.text:_SCIC_TX_ISR</name>
         <load_address>0x8972</load_address>
         <run_address>0x8972</run_address>
         <size>0xa</size>
         <input_file_ref idref="fl-c"/>
      </object_component>
      <object_component id="oc-f0">
         <name>.text:_SCID_RX_ISR</name>
         <load_address>0x897c</load_address>
         <run_address>0x897c</run_address>
         <size>0xa</size>
         <input_file_ref idref="fl-c"/>
      </object_component>
      <object_component id="oc-f1">
         <name>.text:_SCID_TX_ISR</name>
         <load_address>0x8986</load_address>
         <run_address>0x8986</run_address>
         <size>0xa</size>
         <input_file_ref idref="fl-c"/>
      </object_component>
      <object_component id="oc-11c">
         <name>.text:_SD1_ISR</name>
         <load_address>0x8990</load_address>
         <run_address>0x8990</run_address>
         <size>0xa</size>
         <input_file_ref idref="fl-c"/>
      </object_component>
      <object_component id="oc-11d">
         <name>.text:_SD2_ISR</name>
         <load_address>0x899a</load_address>
         <run_address>0x899a</run_address>
         <size>0xa</size>
         <input_file_ref idref="fl-c"/>
      </object_component>
      <object_component id="oc-dc">
         <name>.text:_SPIA_RX_ISR</name>
         <load_address>0x89a4</load_address>
         <run_address>0x89a4</run_address>
         <size>0xa</size>
         <input_file_ref idref="fl-c"/>
      </object_component>
      <object_component id="oc-dd">
         <name>.text:_SPIA_TX_ISR</name>
         <load_address>0x89ae</load_address>
         <run_address>0x89ae</run_address>
         <size>0xa</size>
         <input_file_ref idref="fl-c"/>
      </object_component>
      <object_component id="oc-de">
         <name>.text:_SPIB_RX_ISR</name>
         <load_address>0x89b8</load_address>
         <run_address>0x89b8</run_address>
         <size>0xa</size>
         <input_file_ref idref="fl-c"/>
      </object_component>
      <object_component id="oc-df">
         <name>.text:_SPIB_TX_ISR</name>
         <load_address>0x89c2</load_address>
         <run_address>0x89c2</run_address>
         <size>0xa</size>
         <input_file_ref idref="fl-c"/>
      </object_component>
      <object_component id="oc-11e">
         <name>.text:_SPIC_RX_ISR</name>
         <load_address>0x89cc</load_address>
         <run_address>0x89cc</run_address>
         <size>0xa</size>
         <input_file_ref idref="fl-c"/>
      </object_component>
      <object_component id="oc-11f">
         <name>.text:_SPIC_TX_ISR</name>
         <load_address>0x89d6</load_address>
         <run_address>0x89d6</run_address>
         <size>0xa</size>
         <input_file_ref idref="fl-c"/>
      </object_component>
      <object_component id="oc-12e">
         <name>.text:_SYS_PLL_SLIP_ISR</name>
         <load_address>0x89e0</load_address>
         <run_address>0x89e0</run_address>
         <size>0xa</size>
         <input_file_ref idref="fl-c"/>
      </object_component>
      <object_component id="oc-217">
         <name>.text:_SysIntOsc1Sel</name>
         <load_address>0x89ea</load_address>
         <run_address>0x89ea</run_address>
         <size>0xa</size>
         <input_file_ref idref="fl-12"/>
      </object_component>
      <object_component id="oc-218">
         <name>.text:_SysIntOsc2Sel</name>
         <load_address>0x89f4</load_address>
         <run_address>0x89f4</run_address>
         <size>0xa</size>
         <input_file_ref idref="fl-12"/>
      </object_component>
      <object_component id="oc-c1">
         <name>.text:_TIMER0_ISR</name>
         <load_address>0x89fe</load_address>
         <run_address>0x89fe</run_address>
         <size>0xa</size>
         <input_file_ref idref="fl-c"/>
      </object_component>
      <object_component id="oc-a8">
         <name>.text:_TIMER1_ISR</name>
         <load_address>0x8a08</load_address>
         <run_address>0x8a08</run_address>
         <size>0xa</size>
         <input_file_ref idref="fl-c"/>
      </object_component>
      <object_component id="oc-a9">
         <name>.text:_TIMER2_ISR</name>
         <load_address>0x8a12</load_address>
         <run_address>0x8a12</run_address>
         <size>0xa</size>
         <input_file_ref idref="fl-c"/>
      </object_component>
      <object_component id="oc-120">
         <name>.text:_UPPA_ISR</name>
         <load_address>0x8a1c</load_address>
         <run_address>0x8a1c</run_address>
         <size>0xa</size>
         <input_file_ref idref="fl-c"/>
      </object_component>
      <object_component id="oc-121">
         <name>.text:_USBA_ISR</name>
         <load_address>0x8a26</load_address>
         <run_address>0x8a26</run_address>
         <size>0xa</size>
         <input_file_ref idref="fl-c"/>
      </object_component>
      <object_component id="oc-b8">
         <name>.text:_USER10_ISR</name>
         <load_address>0x8a30</load_address>
         <run_address>0x8a30</run_address>
         <size>0xa</size>
         <input_file_ref idref="fl-c"/>
      </object_component>
      <object_component id="oc-b9">
         <name>.text:_USER11_ISR</name>
         <load_address>0x8a3a</load_address>
         <run_address>0x8a3a</run_address>
         <size>0xa</size>
         <input_file_ref idref="fl-c"/>
      </object_component>
      <object_component id="oc-ba">
         <name>.text:_USER12_ISR</name>
         <load_address>0x8a44</load_address>
         <run_address>0x8a44</run_address>
         <size>0xa</size>
         <input_file_ref idref="fl-c"/>
      </object_component>
      <object_component id="oc-af">
         <name>.text:_USER1_ISR</name>
         <load_address>0x8a4e</load_address>
         <run_address>0x8a4e</run_address>
         <size>0xa</size>
         <input_file_ref idref="fl-c"/>
      </object_component>
      <object_component id="oc-b0">
         <name>.text:_USER2_ISR</name>
         <load_address>0x8a58</load_address>
         <run_address>0x8a58</run_address>
         <size>0xa</size>
         <input_file_ref idref="fl-c"/>
      </object_component>
      <object_component id="oc-b1">
         <name>.text:_USER3_ISR</name>
         <load_address>0x8a62</load_address>
         <run_address>0x8a62</run_address>
         <size>0xa</size>
         <input_file_ref idref="fl-c"/>
      </object_component>
      <object_component id="oc-b2">
         <name>.text:_USER4_ISR</name>
         <load_address>0x8a6c</load_address>
         <run_address>0x8a6c</run_address>
         <size>0xa</size>
         <input_file_ref idref="fl-c"/>
      </object_component>
      <object_component id="oc-b3">
         <name>.text:_USER5_ISR</name>
         <load_address>0x8a76</load_address>
         <run_address>0x8a76</run_address>
         <size>0xa</size>
         <input_file_ref idref="fl-c"/>
      </object_component>
      <object_component id="oc-b4">
         <name>.text:_USER6_ISR</name>
         <load_address>0x8a80</load_address>
         <run_address>0x8a80</run_address>
         <size>0xa</size>
         <input_file_ref idref="fl-c"/>
      </object_component>
      <object_component id="oc-b5">
         <name>.text:_USER7_ISR</name>
         <load_address>0x8a8a</load_address>
         <run_address>0x8a8a</run_address>
         <size>0xa</size>
         <input_file_ref idref="fl-c"/>
      </object_component>
      <object_component id="oc-b6">
         <name>.text:_USER8_ISR</name>
         <load_address>0x8a94</load_address>
         <run_address>0x8a94</run_address>
         <size>0xa</size>
         <input_file_ref idref="fl-c"/>
      </object_component>
      <object_component id="oc-b7">
         <name>.text:_USER9_ISR</name>
         <load_address>0x8a9e</load_address>
         <run_address>0x8a9e</run_address>
         <size>0xa</size>
         <input_file_ref idref="fl-c"/>
      </object_component>
      <object_component id="oc-10d">
         <name>.text:_VCU_ISR</name>
         <load_address>0x8aa8</load_address>
         <run_address>0x8aa8</run_address>
         <size>0xa</size>
         <input_file_ref idref="fl-c"/>
      </object_component>
      <object_component id="oc-c2">
         <name>.text:_WAKE_ISR</name>
         <load_address>0x8ab2</load_address>
         <run_address>0x8ab2</run_address>
         <size>0xa</size>
         <input_file_ref idref="fl-c"/>
      </object_component>
      <object_component id="oc-be">
         <name>.text:_XINT1_ISR</name>
         <load_address>0x8abc</load_address>
         <run_address>0x8abc</run_address>
         <size>0xa</size>
         <input_file_ref idref="fl-c"/>
      </object_component>
      <object_component id="oc-bf">
         <name>.text:_XINT2_ISR</name>
         <load_address>0x8ac6</load_address>
         <run_address>0x8ac6</run_address>
         <size>0xa</size>
         <input_file_ref idref="fl-c"/>
      </object_component>
      <object_component id="oc-10a">
         <name>.text:_XINT3_ISR</name>
         <load_address>0x8ad0</load_address>
         <run_address>0x8ad0</run_address>
         <size>0xa</size>
         <input_file_ref idref="fl-c"/>
      </object_component>
      <object_component id="oc-10b">
         <name>.text:_XINT4_ISR</name>
         <load_address>0x8ada</load_address>
         <run_address>0x8ada</run_address>
         <size>0xa</size>
         <input_file_ref idref="fl-c"/>
      </object_component>
      <object_component id="oc-10c">
         <name>.text:_XINT5_ISR</name>
         <load_address>0x8ae4</load_address>
         <run_address>0x8ae4</run_address>
         <size>0xa</size>
         <input_file_ref idref="fl-c"/>
      </object_component>
      <object_component id="oc-20c">
         <name>.text</name>
         <load_address>0x8aee</load_address>
         <run_address>0x8aee</run_address>
         <size>0x9</size>
         <input_file_ref idref="fl-20"/>
      </object_component>
      <object_component id="oc-a2">
         <name>.text</name>
         <load_address>0x8af7</load_address>
         <run_address>0x8af7</run_address>
         <size>0x3</size>
         <input_file_ref idref="fl-b"/>
      </object_component>
      <object_component id="oc-1ff">
         <name>.text</name>
         <load_address>0x8afa</load_address>
         <run_address>0x8afa</run_address>
         <size>0x2</size>
         <input_file_ref idref="fl-1e"/>
      </object_component>
      <object_component id="oc-201">
         <name>.text</name>
         <load_address>0x8afc</load_address>
         <run_address>0x8afc</run_address>
         <size>0x1</size>
         <input_file_ref idref="fl-1f"/>
      </object_component>
      <object_component id="oc-20a">
         <name>ramfuncs:_DCT_REG_CALC</name>
         <load_address>0x8b00</load_address>
         <run_address>0x8b00</run_address>
         <size>0x20a</size>
         <input_file_ref idref="fl-6"/>
      </object_component>
      <object_component id="oc-20b">
         <name>ramfuncs:_DLOG_GEN_update</name>
         <load_address>0x8d0a</load_address>
         <run_address>0x8d0a</run_address>
         <size>0x138</size>
         <input_file_ref idref="fl-7"/>
      </object_component>
      <object_component id="oc-210">
         <name>.TI.ramfunc:_InitFlash</name>
         <load_address>0x8e42</load_address>
         <run_address>0x8e42</run_address>
         <size>0x29</size>
         <input_file_ref idref="fl-12"/>
      </object_component>
      <object_component id="oc-1bf">
         <name>.TI.ramfunc</name>
         <load_address>0x8e6b</load_address>
         <run_address>0x8e6b</run_address>
         <size>0x4</size>
         <input_file_ref idref="fl-15"/>
      </object_component>
      <object_component id="oc-1c4">
         <name>.stack</name>
         <uninitialized>true</uninitialized>
         <run_address>0x400</run_address>
         <size>0x0</size>
         <input_file_ref idref="fl-18"/>
      </object_component>
      <object_component id="oc-29f">
         <name>.stack</name>
         <uninitialized>true</uninitialized>
         <run_address>0x400</run_address>
         <size>0x0</size>
      </object_component>
      <object_component id="oc-9d">
         <name>codestart</name>
         <load_address>0x0</load_address>
         <run_address>0x0</run_address>
         <size>0x2</size>
         <input_file_ref idref="fl-a"/>
      </object_component>
      <object_component id="oc-1c5">
         <name>.reset</name>
         <load_address>0x8afe</load_address>
         <run_address>0x8afe</run_address>
         <size>0x2</size>
         <input_file_ref idref="fl-18"/>
      </object_component>
      <object_component id="oc-1bc">
         <name>.cinit</name>
         <load_address>0xb000</load_address>
         <run_address>0xb000</run_address>
         <size>0x90</size>
         <input_file_ref idref="fl-14"/>
      </object_component>
      <object_component id="oc-8f">
         <name>.cinit</name>
         <load_address>0xb090</load_address>
         <run_address>0xb090</run_address>
         <size>0x6e</size>
         <input_file_ref idref="fl-8"/>
      </object_component>
      <object_component id="oc-88">
         <name>.cinit</name>
         <load_address>0xb0fe</load_address>
         <run_address>0xb0fe</run_address>
         <size>0x27</size>
         <input_file_ref idref="fl-7"/>
      </object_component>
      <object_component id="oc-1d5">
         <name>.cinit</name>
         <load_address>0xb125</load_address>
         <run_address>0xb125</run_address>
         <size>0xe</size>
         <input_file_ref idref="fl-1d"/>
      </object_component>
      <object_component id="oc-206">
         <name>.cinit:__lock</name>
         <load_address>0xb133</load_address>
         <run_address>0xb133</run_address>
         <size>0x5</size>
         <input_file_ref idref="fl-20"/>
      </object_component>
      <object_component id="oc-20d">
         <name>.cinit:__unlock</name>
         <load_address>0xb138</load_address>
         <run_address>0xb138</run_address>
         <size>0x5</size>
         <input_file_ref idref="fl-20"/>
      </object_component>
      <object_component id="oc-19a">
         <name>PieVectTableFile</name>
         <uninitialized>true</uninitialized>
         <run_address>0xd00</run_address>
         <size>0x1c0</size>
         <input_file_ref idref="fl-d"/>
      </object_component>
      <object_component id="oc-13a">
         <name>EmuKeyVar</name>
         <uninitialized>true</uninitialized>
         <run_address>0xd00</run_address>
         <size>0x1</size>
         <input_file_ref idref="fl-d"/>
      </object_component>
      <object_component id="oc-13b">
         <name>EmuBModeVar</name>
         <uninitialized>true</uninitialized>
         <run_address>0xd01</run_address>
         <size>0x1</size>
         <input_file_ref idref="fl-d"/>
      </object_component>
      <object_component id="oc-152">
         <name>AdcaResultFile</name>
         <uninitialized>true</uninitialized>
         <run_address>0xb00</run_address>
         <size>0x18</size>
         <input_file_ref idref="fl-d"/>
      </object_component>
      <object_component id="oc-151">
         <name>AdcbResultFile</name>
         <uninitialized>true</uninitialized>
         <run_address>0xb20</run_address>
         <size>0x18</size>
         <input_file_ref idref="fl-d"/>
      </object_component>
      <object_component id="oc-154">
         <name>AdccResultFile</name>
         <uninitialized>true</uninitialized>
         <run_address>0xb40</run_address>
         <size>0x18</size>
         <input_file_ref idref="fl-d"/>
      </object_component>
      <object_component id="oc-153">
         <name>AdcdResultFile</name>
         <uninitialized>true</uninitialized>
         <run_address>0xb60</run_address>
         <size>0x18</size>
         <input_file_ref idref="fl-d"/>
      </object_component>
      <object_component id="oc-185">
         <name>AdcaRegsFile</name>
         <uninitialized>true</uninitialized>
         <run_address>0x7400</run_address>
         <size>0x80</size>
         <input_file_ref idref="fl-d"/>
      </object_component>
      <object_component id="oc-184">
         <name>AdcbRegsFile</name>
         <uninitialized>true</uninitialized>
         <run_address>0x7480</run_address>
         <size>0x80</size>
         <input_file_ref idref="fl-d"/>
      </object_component>
      <object_component id="oc-182">
         <name>AdccRegsFile</name>
         <uninitialized>true</uninitialized>
         <run_address>0x7500</run_address>
         <size>0x80</size>
         <input_file_ref idref="fl-d"/>
      </object_component>
      <object_component id="oc-183">
         <name>AdcdRegsFile</name>
         <uninitialized>true</uninitialized>
         <run_address>0x7580</run_address>
         <size>0x80</size>
         <input_file_ref idref="fl-d"/>
      </object_component>
      <object_component id="oc-17f">
         <name>AnalogSubsysRegsFile</name>
         <uninitialized>true</uninitialized>
         <run_address>0x5d180</run_address>
         <size>0x48</size>
         <input_file_ref idref="fl-d"/>
      </object_component>
      <object_component id="oc-179">
         <name>Cla1RegsFile</name>
         <uninitialized>true</uninitialized>
         <run_address>0x1400</run_address>
         <size>0x3e</size>
         <input_file_ref idref="fl-d"/>
      </object_component>
      <object_component id="oc-13f">
         <name>Cla1SoftIntRegsFile</name>
         <uninitialized>true</uninitialized>
         <run_address>0xce0</run_address>
         <size>0x4</size>
         <input_file_ref idref="fl-d"/>
      </object_component>
      <object_component id="oc-165">
         <name>Cmpss1RegsFile</name>
         <uninitialized>true</uninitialized>
         <run_address>0x5c80</run_address>
         <size>0x20</size>
         <input_file_ref idref="fl-d"/>
      </object_component>
      <object_component id="oc-164">
         <name>Cmpss2RegsFile</name>
         <uninitialized>true</uninitialized>
         <run_address>0x5ca0</run_address>
         <size>0x20</size>
         <input_file_ref idref="fl-d"/>
      </object_component>
      <object_component id="oc-167">
         <name>Cmpss3RegsFile</name>
         <uninitialized>true</uninitialized>
         <run_address>0x5cc0</run_address>
         <size>0x20</size>
         <input_file_ref idref="fl-d"/>
      </object_component>
      <object_component id="oc-166">
         <name>Cmpss4RegsFile</name>
         <uninitialized>true</uninitialized>
         <run_address>0x5ce0</run_address>
         <size>0x20</size>
         <input_file_ref idref="fl-d"/>
      </object_component>
      <object_component id="oc-16a">
         <name>Cmpss5RegsFile</name>
         <uninitialized>true</uninitialized>
         <run_address>0x5d00</run_address>
         <size>0x20</size>
         <input_file_ref idref="fl-d"/>
      </object_component>
      <object_component id="oc-160">
         <name>Cmpss6RegsFile</name>
         <uninitialized>true</uninitialized>
         <run_address>0x5d20</run_address>
         <size>0x20</size>
         <input_file_ref idref="fl-d"/>
      </object_component>
      <object_component id="oc-15f">
         <name>Cmpss7RegsFile</name>
         <uninitialized>true</uninitialized>
         <run_address>0x5d40</run_address>
         <size>0x20</size>
         <input_file_ref idref="fl-d"/>
      </object_component>
      <object_component id="oc-162">
         <name>Cmpss8RegsFile</name>
         <uninitialized>true</uninitialized>
         <run_address>0x5d60</run_address>
         <size>0x20</size>
         <input_file_ref idref="fl-d"/>
      </object_component>
      <object_component id="oc-147">
         <name>CpuTimer0RegsFile</name>
         <uninitialized>true</uninitialized>
         <run_address>0xc00</run_address>
         <size>0x8</size>
         <input_file_ref idref="fl-d"/>
      </object_component>
      <object_component id="oc-148">
         <name>CpuTimer1RegsFile</name>
         <uninitialized>true</uninitialized>
         <run_address>0xc08</run_address>
         <size>0x8</size>
         <input_file_ref idref="fl-d"/>
      </object_component>
      <object_component id="oc-145">
         <name>CpuTimer2RegsFile</name>
         <uninitialized>true</uninitialized>
         <run_address>0xc10</run_address>
         <size>0x8</size>
         <input_file_ref idref="fl-d"/>
      </object_component>
      <object_component id="oc-142">
         <name>DacaRegsFile</name>
         <uninitialized>true</uninitialized>
         <run_address>0x5c00</run_address>
         <size>0x8</size>
         <input_file_ref idref="fl-d"/>
      </object_component>
      <object_component id="oc-143">
         <name>DacbRegsFile</name>
         <uninitialized>true</uninitialized>
         <run_address>0x5c10</run_address>
         <size>0x8</size>
         <input_file_ref idref="fl-d"/>
      </object_component>
      <object_component id="oc-144">
         <name>DaccRegsFile</name>
         <uninitialized>true</uninitialized>
         <run_address>0x5c20</run_address>
         <size>0x8</size>
         <input_file_ref idref="fl-d"/>
      </object_component>
      <object_component id="oc-174">
         <name>DcsmZ1RegsFile</name>
         <uninitialized>true</uninitialized>
         <run_address>0x5f000</run_address>
         <size>0x24</size>
         <input_file_ref idref="fl-d"/>
      </object_component>
      <object_component id="oc-172">
         <name>DcsmZ2RegsFile</name>
         <uninitialized>true</uninitialized>
         <run_address>0x5f040</run_address>
         <size>0x24</size>
         <input_file_ref idref="fl-d"/>
      </object_component>
      <object_component id="oc-146">
         <name>DcsmCommonRegsFile</name>
         <uninitialized>true</uninitialized>
         <run_address>0x5f070</run_address>
         <size>0x8</size>
         <input_file_ref idref="fl-d"/>
      </object_component>
      <object_component id="oc-161">
         <name>DcsmZ1OtpFile</name>
         <uninitialized>true</uninitialized>
         <run_address>0x78000</run_address>
         <size>0x20</size>
         <input_file_ref idref="fl-d"/>
      </object_component>
      <object_component id="oc-163">
         <name>DcsmZ2OtpFile</name>
         <uninitialized>true</uninitialized>
         <run_address>0x78200</run_address>
         <size>0x20</size>
         <input_file_ref idref="fl-d"/>
      </object_component>
      <object_component id="oc-18a">
         <name>DmaRegsFile</name>
         <uninitialized>true</uninitialized>
         <run_address>0x1000</run_address>
         <size>0xe0</size>
         <input_file_ref idref="fl-d"/>
      </object_component>
      <object_component id="oc-156">
         <name>DmaClaSrcSelRegsFile</name>
         <uninitialized>true</uninitialized>
         <run_address>0x7980</run_address>
         <size>0x1a</size>
         <input_file_ref idref="fl-d"/>
      </object_component>
      <object_component id="oc-169">
         <name>ECap1RegsFile</name>
         <uninitialized>true</uninitialized>
         <run_address>0x5000</run_address>
         <size>0x20</size>
         <input_file_ref idref="fl-d"/>
      </object_component>
      <object_component id="oc-168">
         <name>ECap2RegsFile</name>
         <uninitialized>true</uninitialized>
         <run_address>0x5020</run_address>
         <size>0x20</size>
         <input_file_ref idref="fl-d"/>
      </object_component>
      <object_component id="oc-157">
         <name>ECap3RegsFile</name>
         <uninitialized>true</uninitialized>
         <run_address>0x5040</run_address>
         <size>0x20</size>
         <input_file_ref idref="fl-d"/>
      </object_component>
      <object_component id="oc-159">
         <name>ECap4RegsFile</name>
         <uninitialized>true</uninitialized>
         <run_address>0x5060</run_address>
         <size>0x20</size>
         <input_file_ref idref="fl-d"/>
      </object_component>
      <object_component id="oc-15e">
         <name>ECap5RegsFile</name>
         <uninitialized>true</uninitialized>
         <run_address>0x5080</run_address>
         <size>0x20</size>
         <input_file_ref idref="fl-d"/>
      </object_component>
      <object_component id="oc-158">
         <name>ECap6RegsFile</name>
         <uninitialized>true</uninitialized>
         <run_address>0x50a0</run_address>
         <size>0x20</size>
         <input_file_ref idref="fl-d"/>
      </object_component>
      <object_component id="oc-180">
         <name>Emif1RegsFile</name>
         <uninitialized>true</uninitialized>
         <run_address>0x47000</run_address>
         <size>0x70</size>
         <input_file_ref idref="fl-d"/>
      </object_component>
      <object_component id="oc-181">
         <name>Emif2RegsFile</name>
         <uninitialized>true</uninitialized>
         <run_address>0x47800</run_address>
         <size>0x70</size>
         <input_file_ref idref="fl-d"/>
      </object_component>
      <object_component id="oc-18f">
         <name>EPwm1RegsFile</name>
         <uninitialized>true</uninitialized>
         <run_address>0x4000</run_address>
         <size>0x100</size>
         <input_file_ref idref="fl-d"/>
      </object_component>
      <object_component id="oc-18e">
         <name>EPwm2RegsFile</name>
         <uninitialized>true</uninitialized>
         <run_address>0x4100</run_address>
         <size>0x100</size>
         <input_file_ref idref="fl-d"/>
      </object_component>
      <object_component id="oc-191">
         <name>EPwm3RegsFile</name>
         <uninitialized>true</uninitialized>
         <run_address>0x4200</run_address>
         <size>0x100</size>
         <input_file_ref idref="fl-d"/>
      </object_component>
      <object_component id="oc-18c">
         <name>EPwm4RegsFile</name>
         <uninitialized>true</uninitialized>
         <run_address>0x4300</run_address>
         <size>0x100</size>
         <input_file_ref idref="fl-d"/>
      </object_component>
      <object_component id="oc-18b">
         <name>EPwm5RegsFile</name>
         <uninitialized>true</uninitialized>
         <run_address>0x4400</run_address>
         <size>0x100</size>
         <input_file_ref idref="fl-d"/>
      </object_component>
      <object_component id="oc-190">
         <name>EPwm6RegsFile</name>
         <uninitialized>true</uninitialized>
         <run_address>0x4500</run_address>
         <size>0x100</size>
         <input_file_ref idref="fl-d"/>
      </object_component>
      <object_component id="oc-18d">
         <name>EPwm7RegsFile</name>
         <uninitialized>true</uninitialized>
         <run_address>0x4600</run_address>
         <size>0x100</size>
         <input_file_ref idref="fl-d"/>
      </object_component>
      <object_component id="oc-196">
         <name>EPwm8RegsFile</name>
         <uninitialized>true</uninitialized>
         <run_address>0x4700</run_address>
         <size>0x100</size>
         <input_file_ref idref="fl-d"/>
      </object_component>
      <object_component id="oc-194">
         <name>EPwm9RegsFile</name>
         <uninitialized>true</uninitialized>
         <run_address>0x4800</run_address>
         <size>0x100</size>
         <input_file_ref idref="fl-d"/>
      </object_component>
      <object_component id="oc-195">
         <name>EPwm10RegsFile</name>
         <uninitialized>true</uninitialized>
         <run_address>0x4900</run_address>
         <size>0x100</size>
         <input_file_ref idref="fl-d"/>
      </object_component>
      <object_component id="oc-192">
         <name>EPwm11RegsFile</name>
         <uninitialized>true</uninitialized>
         <run_address>0x4a00</run_address>
         <size>0x100</size>
         <input_file_ref idref="fl-d"/>
      </object_component>
      <object_component id="oc-193">
         <name>EPwm12RegsFile</name>
         <uninitialized>true</uninitialized>
         <run_address>0x4b00</run_address>
         <size>0x100</size>
         <input_file_ref idref="fl-d"/>
      </object_component>
      <object_component id="oc-17c">
         <name>EPwmXbarRegsFile</name>
         <uninitialized>true</uninitialized>
         <run_address>0x7a00</run_address>
         <size>0x40</size>
         <input_file_ref idref="fl-d"/>
      </object_component>
      <object_component id="oc-16f">
         <name>EQep1RegsFile</name>
         <uninitialized>true</uninitialized>
         <run_address>0x5100</run_address>
         <size>0x22</size>
         <input_file_ref idref="fl-d"/>
      </object_component>
      <object_component id="oc-16d">
         <name>EQep2RegsFile</name>
         <uninitialized>true</uninitialized>
         <run_address>0x5140</run_address>
         <size>0x22</size>
         <input_file_ref idref="fl-d"/>
      </object_component>
      <object_component id="oc-16b">
         <name>EQep3RegsFile</name>
         <uninitialized>true</uninitialized>
         <run_address>0x5180</run_address>
         <size>0x22</size>
         <input_file_ref idref="fl-d"/>
      </object_component>
      <object_component id="oc-199">
         <name>Flash0CtrlRegsFile</name>
         <uninitialized>true</uninitialized>
         <run_address>0x5f800</run_address>
         <size>0x182</size>
         <input_file_ref idref="fl-d"/>
      </object_component>
      <object_component id="oc-175">
         <name>Flash0EccRegsFile</name>
         <uninitialized>true</uninitialized>
         <run_address>0x5fb00</run_address>
         <size>0x28</size>
         <input_file_ref idref="fl-d"/>
      </object_component>
      <object_component id="oc-198">
         <name>GpioCtrlRegsFile</name>
         <uninitialized>true</uninitialized>
         <run_address>0x7c00</run_address>
         <size>0x180</size>
         <input_file_ref idref="fl-d"/>
      </object_component>
      <object_component id="oc-177">
         <name>GpioDataRegsFile</name>
         <uninitialized>true</uninitialized>
         <run_address>0x7f00</run_address>
         <size>0x30</size>
         <input_file_ref idref="fl-d"/>
      </object_component>
      <object_component id="oc-17d">
         <name>OutputXbarRegsFile</name>
         <uninitialized>true</uninitialized>
         <run_address>0x7a80</run_address>
         <size>0x40</size>
         <input_file_ref idref="fl-d"/>
      </object_component>
      <object_component id="oc-16e">
         <name>I2caRegsFile</name>
         <uninitialized>true</uninitialized>
         <run_address>0x7300</run_address>
         <size>0x22</size>
         <input_file_ref idref="fl-d"/>
      </object_component>
      <object_component id="oc-16c">
         <name>I2cbRegsFile</name>
         <uninitialized>true</uninitialized>
         <run_address>0x7340</run_address>
         <size>0x22</size>
         <input_file_ref idref="fl-d"/>
      </object_component>
      <object_component id="oc-15c">
         <name>InputXbarRegsFile</name>
         <uninitialized>true</uninitialized>
         <run_address>0x7900</run_address>
         <size>0x20</size>
         <input_file_ref idref="fl-d"/>
      </object_component>
      <object_component id="oc-15d">
         <name>XbarRegsFile</name>
         <uninitialized>true</uninitialized>
         <run_address>0x7920</run_address>
         <size>0x20</size>
         <input_file_ref idref="fl-d"/>
      </object_component>
      <object_component id="oc-170">
         <name>IpcRegsFile</name>
         <uninitialized>true</uninitialized>
         <run_address>0x50000</run_address>
         <size>0x24</size>
         <input_file_ref idref="fl-d"/>
      </object_component>
      <object_component id="oc-13c">
         <name>FlashPumpSemaphoreRegsFile</name>
         <uninitialized>true</uninitialized>
         <run_address>0x50024</run_address>
         <size>0x2</size>
         <input_file_ref idref="fl-d"/>
      </object_component>
      <object_component id="oc-13e">
         <name>RomPrefetchRegsFile</name>
         <uninitialized>true</uninitialized>
         <run_address>0x5e608</run_address>
         <size>0x2</size>
         <input_file_ref idref="fl-d"/>
      </object_component>
      <object_component id="oc-187">
         <name>MemCfgRegsFile</name>
         <uninitialized>true</uninitialized>
         <run_address>0x5f400</run_address>
         <size>0x80</size>
         <input_file_ref idref="fl-d"/>
      </object_component>
      <object_component id="oc-15a">
         <name>Emif1ConfigRegsFile</name>
         <uninitialized>true</uninitialized>
         <run_address>0x5f480</run_address>
         <size>0x20</size>
         <input_file_ref idref="fl-d"/>
      </object_component>
      <object_component id="oc-15b">
         <name>Emif2ConfigRegsFile</name>
         <uninitialized>true</uninitialized>
         <run_address>0x5f4a0</run_address>
         <size>0x20</size>
         <input_file_ref idref="fl-d"/>
      </object_component>
      <object_component id="oc-17b">
         <name>AccessProtectionRegsFile</name>
         <uninitialized>true</uninitialized>
         <run_address>0x5f4c0</run_address>
         <size>0x40</size>
         <input_file_ref idref="fl-d"/>
      </object_component>
      <object_component id="oc-17a">
         <name>MemoryErrorRegsFile</name>
         <uninitialized>true</uninitialized>
         <run_address>0x5f500</run_address>
         <size>0x40</size>
         <input_file_ref idref="fl-d"/>
      </object_component>
      <object_component id="oc-13d">
         <name>RomWaitStateRegsFile</name>
         <uninitialized>true</uninitialized>
         <run_address>0x5f540</run_address>
         <size>0x2</size>
         <input_file_ref idref="fl-d"/>
      </object_component>
      <object_component id="oc-171">
         <name>McbspaRegsFile</name>
         <uninitialized>true</uninitialized>
         <run_address>0x6000</run_address>
         <size>0x24</size>
         <input_file_ref idref="fl-d"/>
      </object_component>
      <object_component id="oc-173">
         <name>McbspbRegsFile</name>
         <uninitialized>true</uninitialized>
         <run_address>0x6040</run_address>
         <size>0x24</size>
         <input_file_ref idref="fl-d"/>
      </object_component>
      <object_component id="oc-17e">
         <name>UppRegsFile</name>
         <uninitialized>true</uninitialized>
         <run_address>0x6200</run_address>
         <size>0x48</size>
         <input_file_ref idref="fl-d"/>
      </object_component>
      <object_component id="oc-141">
         <name>NmiIntruptRegsFile</name>
         <uninitialized>true</uninitialized>
         <run_address>0x7060</run_address>
         <size>0x7</size>
         <input_file_ref idref="fl-d"/>
      </object_component>
      <object_component id="oc-155">
         <name>PieCtrlRegsFile</name>
         <uninitialized>true</uninitialized>
         <run_address>0xce0</run_address>
         <size>0x1a</size>
         <input_file_ref idref="fl-d"/>
      </object_component>
      <object_component id="oc-14f">
         <name>SciaRegsFile</name>
         <uninitialized>true</uninitialized>
         <run_address>0x7200</run_address>
         <size>0x10</size>
         <input_file_ref idref="fl-d"/>
      </object_component>
      <object_component id="oc-150">
         <name>ScibRegsFile</name>
         <uninitialized>true</uninitialized>
         <run_address>0x7210</run_address>
         <size>0x10</size>
         <input_file_ref idref="fl-d"/>
      </object_component>
      <object_component id="oc-14e">
         <name>ScicRegsFile</name>
         <uninitialized>true</uninitialized>
         <run_address>0x7220</run_address>
         <size>0x10</size>
         <input_file_ref idref="fl-d"/>
      </object_component>
      <object_component id="oc-14d">
         <name>ScidRegsFile</name>
         <uninitialized>true</uninitialized>
         <run_address>0x7230</run_address>
         <size>0x10</size>
         <input_file_ref idref="fl-d"/>
      </object_component>
      <object_component id="oc-186">
         <name>Sdfm1RegsFile</name>
         <uninitialized>true</uninitialized>
         <run_address>0x5e00</run_address>
         <size>0x80</size>
         <input_file_ref idref="fl-d"/>
      </object_component>
      <object_component id="oc-188">
         <name>Sdfm2RegsFile</name>
         <uninitialized>true</uninitialized>
         <run_address>0x5e80</run_address>
         <size>0x80</size>
         <input_file_ref idref="fl-d"/>
      </object_component>
      <object_component id="oc-14a">
         <name>SpiaRegsFile</name>
         <uninitialized>true</uninitialized>
         <run_address>0x6100</run_address>
         <size>0x10</size>
         <input_file_ref idref="fl-d"/>
      </object_component>
      <object_component id="oc-14c">
         <name>SpibRegsFile</name>
         <uninitialized>true</uninitialized>
         <run_address>0x6110</run_address>
         <size>0x10</size>
         <input_file_ref idref="fl-d"/>
      </object_component>
      <object_component id="oc-14b">
         <name>SpicRegsFile</name>
         <uninitialized>true</uninitialized>
         <run_address>0x6120</run_address>
         <size>0x10</size>
         <input_file_ref idref="fl-d"/>
      </object_component>
      <object_component id="oc-197">
         <name>DevCfgRegsFile</name>
         <uninitialized>true</uninitialized>
         <run_address>0x5d000</run_address>
         <size>0x12e</size>
         <input_file_ref idref="fl-d"/>
      </object_component>
      <object_component id="oc-178">
         <name>ClkCfgRegsFile</name>
         <uninitialized>true</uninitialized>
         <run_address>0x5d200</run_address>
         <size>0x32</size>
         <input_file_ref idref="fl-d"/>
      </object_component>
      <object_component id="oc-189">
         <name>CpuSysRegsFile</name>
         <uninitialized>true</uninitialized>
         <run_address>0x5d300</run_address>
         <size>0x82</size>
         <input_file_ref idref="fl-d"/>
      </object_component>
      <object_component id="oc-140">
         <name>SyncSocRegsFile</name>
         <uninitialized>true</uninitialized>
         <run_address>0x7940</run_address>
         <size>0x6</size>
         <input_file_ref idref="fl-d"/>
      </object_component>
      <object_component id="oc-176">
         <name>WdRegsFile</name>
         <uninitialized>true</uninitialized>
         <run_address>0x7000</run_address>
         <size>0x2b</size>
         <input_file_ref idref="fl-d"/>
      </object_component>
      <object_component id="oc-149">
         <name>XintRegsFile</name>
         <uninitialized>true</uninitialized>
         <run_address>0x7070</run_address>
         <size>0xb</size>
         <input_file_ref idref="fl-d"/>
      </object_component>
      <object_component id="oc-82">
         <name>.debug_info</name>
         <load_address>0x0</load_address>
         <run_address>0x0</run_address>
         <size>0x6a5</size>
         <input_file_ref idref="fl-6"/>
      </object_component>
      <object_component id="oc-87">
         <name>.debug_info</name>
         <load_address>0x6a5</load_address>
         <run_address>0x6a5</run_address>
         <size>0x7fa</size>
         <input_file_ref idref="fl-7"/>
      </object_component>
      <object_component id="oc-8e">
         <name>.debug_info</name>
         <load_address>0xe9f</load_address>
         <run_address>0xe9f</run_address>
         <size>0x1420</size>
         <input_file_ref idref="fl-8"/>
      </object_component>
      <object_component id="oc-98">
[...]
      </symbol>
      <symbol id="sm-4e4">
         <name>_CpuTimer1Regs</name>
         <value>0xc08</value>
         <object_component_ref idref="oc-148"/>
      </symbol>
      <symbol id="sm-4e5">
         <name>_RomPrefetchRegs</name>
         <value>0x5e608</value>
         <object_component_ref idref="oc-13e"/>
      </symbol>
      <symbol id="sm-4e6">
         <name>_Cmpss4Regs</name>
         <value>0x5ce0</value>
         <object_component_ref idref="oc-166"/>
      </symbol>
      <symbol id="sm-4e7">
         <name>_EPwm5Regs</name>
         <value>0x4400</value>
         <object_component_ref idref="oc-18b"/>
      </symbol>
      <symbol id="sm-4e8">
         <name>_UppRegs</name>
         <value>0x6200</value>
         <object_component_ref idref="oc-17e"/>
      </symbol>
      <symbol id="sm-4e9">
         <name>_SpiaRegs</name>
         <value>0x6100</value>
         <object_component_ref idref="oc-14a"/>
      </symbol>
      <symbol id="sm-4ea">
         <name>_CpuSysRegs</name>
         <value>0x5d300</value>
         <object_component_ref idref="oc-189"/>
      </symbol>
      <symbol id="sm-4eb">
         <name>_Cla1SoftIntRegs</name>
         <value>0xce0</value>
         <object_component_ref idref="oc-13f"/>
      </symbol>
      <symbol id="sm-4ec">
         <name>_ECap6Regs</name>
         <value>0x50a0</value>
         <object_component_ref idref="oc-158"/>
      </symbol>
      <symbol id="sm-4ed">
         <name>_DmaRegs</name>
         <value>0x1000</value>
         <object_component_ref idref="oc-18a"/>
      </symbol>
      <symbol id="sm-4ee">
         <name>_XintRegs</name>
         <value>0x7070</value>
         <object_component_ref idref="oc-149"/>
      </symbol>
      <symbol id="sm-4ef">
         <name>_CpuTimer0Regs</name>
         <value>0xc00</value>
         <object_component_ref idref="oc-147"/>
      </symbol>
      <symbol id="sm-4f0">
         <name>_Cmpss5Regs</name>
         <value>0x5d00</value>
         <object_component_ref idref="oc-16a"/>
      </symbol>
      <symbol id="sm-4f1">
         <name>_Emif1Regs</name>
         <value>0x47000</value>
         <object_component_ref idref="oc-180"/>
      </symbol>
      <symbol id="sm-4f2">
         <name>_AccessProtectionRegs</name>
         <value>0x5f4c0</value>
         <object_component_ref idref="oc-17b"/>
      </symbol>
      <symbol id="sm-4f3">
         <name>_MemCfgRegs</name>
         <value>0x5f400</value>
         <object_component_ref idref="oc-187"/>
      </symbol>
      <symbol id="sm-4f4">
         <name>_DacaRegs</name>
         <value>0x5c00</value>
         <object_component_ref idref="oc-142"/>
      </symbol>
      <symbol id="sm-4f5">
         <name>_McbspbRegs</name>
         <value>0x6040</value>
         <object_component_ref idref="oc-173"/>
      </symbol>
      <symbol id="sm-4f6">
         <name>_EPwm6Regs</name>
         <value>0x4500</value>
         <object_component_ref idref="oc-190"/>
      </symbol>
      <symbol id="sm-4f7">
         <name>_AdcaRegs</name>
         <value>0x7400</value>
         <object_component_ref idref="oc-185"/>
      </symbol>
      <symbol id="sm-4f8">
         <name>_SciaRegs</name>
         <value>0x7200</value>
         <object_component_ref idref="oc-14f"/>
      </symbol>
      <symbol id="sm-4f9">
         <name>_EPwm11Regs</name>
         <value>0x4a00</value>
         <object_component_ref idref="oc-192"/>
      </symbol>
      <symbol id="sm-4fa">
         <name>_GpioDataRegs</name>
         <value>0x7f00</value>
         <object_component_ref idref="oc-177"/>
      </symbol>
      <symbol id="sm-4fb">
         <name>_Sdfm1Regs</name>
         <value>0x5e00</value>
         <object_component_ref idref="oc-186"/>
      </symbol>
      <symbol id="sm-4fc">
         <name>_Cmpss2Regs</name>
         <value>0x5ca0</value>
         <object_component_ref idref="oc-164"/>
      </symbol>
      <symbol id="sm-4fd">
         <name>_Emif2Regs</name>
         <value>0x47800</value>
         <object_component_ref idref="oc-181"/>
      </symbol>
      <symbol id="sm-4fe">
         <name>_DcsmZ1Regs</name>
         <value>0x5f000</value>
         <object_component_ref idref="oc-174"/>
      </symbol>
      <symbol id="sm-4ff">
         <name>_Flash0CtrlRegs</name>
         <value>0x5f800</value>
         <object_component_ref idref="oc-199"/>
      </symbol>
      <symbol id="sm-500">
         <name>_EPwm7Regs</name>
         <value>0x4600</value>
         <object_component_ref idref="oc-18d"/>
      </symbol>
      <symbol id="sm-501">
         <name>_SpicRegs</name>
         <value>0x6120</value>
         <object_component_ref idref="oc-14b"/>
      </symbol>
      <symbol id="sm-502">
         <name>_EPwm10Regs</name>
         <value>0x4900</value>
         <object_component_ref idref="oc-195"/>
      </symbol>
      <symbol id="sm-503">
         <name>_CpuTimer2Regs</name>
         <value>0xc10</value>
         <object_component_ref idref="oc-145"/>
      </symbol>
      <symbol id="sm-504">
         <name>_DmaClaSrcSelRegs</name>
         <value>0x7980</value>
         <object_component_ref idref="oc-156"/>
      </symbol>
      <symbol id="sm-505">
         <name>_AnalogSubsysRegs</name>
         <value>0x5d180</value>
         <object_component_ref idref="oc-17f"/>
      </symbol>
      <symbol id="sm-506">
         <name>_Cmpss3Regs</name>
         <value>0x5cc0</value>
         <object_component_ref idref="oc-167"/>
      </symbol>
      <symbol id="sm-507">
         <name>_DaccRegs</name>
         <value>0x5c20</value>
         <object_component_ref idref="oc-144"/>
      </symbol>
      <symbol id="sm-508">
         <name>_PieCtrlRegs</name>
         <value>0xce0</value>
         <object_component_ref idref="oc-155"/>
      </symbol>
      <symbol id="sm-509">
         <name>_DevCfgRegs</name>
         <value>0x5d000</value>
         <object_component_ref idref="oc-197"/>
      </symbol>
      <symbol id="sm-50a">
         <name>_SpibRegs</name>
         <value>0x6110</value>
         <object_component_ref idref="oc-14c"/>
      </symbol>
      <symbol id="sm-50b">
         <name>_AdccRegs</name>
         <value>0x7500</value>
         <object_component_ref idref="oc-182"/>
      </symbol>
      <symbol id="sm-50c">
         <name>_ScicRegs</name>
         <value>0x7220</value>
         <object_component_ref idref="oc-14e"/>
      </symbol>
      <symbol id="sm-50d">
         <name>_ECap1Regs</name>
         <value>0x5000</value>
         <object_component_ref idref="oc-169"/>
      </symbol>
      <symbol id="sm-50e">
         <name>_EmuKey</name>
         <value>0xd00</value>
         <object_component_ref idref="oc-13a"/>
      </symbol>
      <symbol id="sm-50f">
         <name>_OutputXbarRegs</name>
         <value>0x7a80</value>
         <object_component_ref idref="oc-17d"/>
      </symbol>
      <symbol id="sm-510">
         <name>_MemoryErrorRegs</name>
         <value>0x5f500</value>
         <object_component_ref idref="oc-17a"/>
      </symbol>
      <symbol id="sm-511">
         <name>_Cla1Regs</name>
         <value>0x1400</value>
         <object_component_ref idref="oc-179"/>
      </symbol>
      <symbol id="sm-512">
         <name>_DcsmZ2Otp</name>
         <value>0x78200</value>
         <object_component_ref idref="oc-163"/>
      </symbol>
      <symbol id="sm-513">
         <name>_EQep1Regs</name>
         <value>0x5100</value>
         <object_component_ref idref="oc-16f"/>
      </symbol>
      <symbol id="sm-514">
         <name>_DacbRegs</name>
         <value>0x5c10</value>
         <object_component_ref idref="oc-143"/>
      </symbol>
      <symbol id="sm-515">
         <name>_McbspaRegs</name>
         <value>0x6000</value>
         <object_component_ref idref="oc-171"/>
      </symbol>
      <symbol id="sm-516">
         <name>_EPwm1Regs</name>
         <value>0x4000</value>
         <object_component_ref idref="oc-18f"/>
      </symbol>
      <symbol id="sm-517">
         <name>_AdcbRegs</name>
         <value>0x7480</value>
         <object_component_ref idref="oc-184"/>
      </symbol>
      <symbol id="sm-518">
         <name>_ScibRegs</name>
         <value>0x7210</value>
         <object_component_ref idref="oc-150"/>
      </symbol>
      <symbol id="sm-519">
         <name>_AdcaResultRegs</name>
         <value>0xb00</value>
         <object_component_ref idref="oc-152"/>
      </symbol>
      <symbol id="sm-51a">
         <name>_ECap2Regs</name>
         <value>0x5020</value>
         <object_component_ref idref="oc-168"/>
      </symbol>
      <symbol id="sm-51b">
         <name>_EPwm12Regs</name>
         <value>0x4b00</value>
         <object_component_ref idref="oc-193"/>
      </symbol>
      <symbol id="sm-51c">
         <name>_AdcbResultRegs</name>
         <value>0xb20</value>
         <object_component_ref idref="oc-151"/>
      </symbol>
      <symbol id="sm-51d">
         <name>_AdccResultRegs</name>
         <value>0xb40</value>
         <object_component_ref idref="oc-154"/>
      </symbol>
      <symbol id="sm-51e">
         <name>_Emif1ConfigRegs</name>
         <value>0x5f480</value>
         <object_component_ref idref="oc-15a"/>
      </symbol>
      <symbol id="sm-51f">
         <name>_Sdfm2Regs</name>
         <value>0x5e80</value>
         <object_component_ref idref="oc-188"/>
      </symbol>
      <symbol id="sm-520">
         <name>_AdcdResultRegs</name>
         <value>0xb60</value>
         <object_component_ref idref="oc-153"/>
      </symbol>
      <symbol id="sm-521">
         <name>_EQep2Regs</name>
         <value>0x5140</value>
         <object_component_ref idref="oc-16d"/>
      </symbol>
      <symbol id="sm-522">
         <name>_Cmpss1Regs</name>
         <value>0x5c80</value>
         <object_component_ref idref="oc-165"/>
      </symbol>
      <symbol id="sm-523">
         <name>_EPwm8Regs</name>
         <value>0x4700</value>
         <object_component_ref idref="oc-196"/>
      </symbol>
      <symbol id="sm-524">
         <name>_Emif2ConfigRegs</name>
         <value>0x5f4a0</value>
         <object_component_ref idref="oc-15b"/>
      </symbol>
      <symbol id="sm-525">
         <name>_DcsmCommonRegs</name>
         <value>0x5f070</value>
         <object_component_ref idref="oc-146"/>
      </symbol>
      <symbol id="sm-526">
         <name>_EPwm2Regs</name>
         <value>0x4100</value>
         <object_component_ref idref="oc-18e"/>
      </symbol>
      <symbol id="sm-527">
         <name>_ECap3Regs</name>
         <value>0x5040</value>
         <object_component_ref idref="oc-157"/>
      </symbol>
      <symbol id="sm-528">
         <name>_Cmpss8Regs</name>
         <value>0x5d60</value>
         <object_component_ref idref="oc-162"/>
      </symbol>
      <symbol id="sm-529">
         <name>_EQep3Regs</name>
         <value>0x5180</value>
         <object_component_ref idref="oc-16b"/>
      </symbol>
      <symbol id="sm-52a">
         <name>_SyncSocRegs</name>
         <value>0x7940</value>
         <object_component_ref idref="oc-140"/>
      </symbol>
      <symbol id="sm-52b">
         <name>_EPwm9Regs</name>
         <value>0x4800</value>
         <object_component_ref idref="oc-194"/>
      </symbol>
      <symbol id="sm-52c">
         <name>_NmiIntruptRegs</name>
         <value>0x7060</value>
         <object_component_ref idref="oc-141"/>
      </symbol>
      <symbol id="sm-52d">
         <name>_EPwm3Regs</name>
         <value>0x4200</value>
         <object_component_ref idref="oc-191"/>
      </symbol>
      <symbol id="sm-52e">
         <name>_I2caRegs</name>
         <value>0x7300</value>
         <object_component_ref idref="oc-16e"/>
      </symbol>
      <symbol id="sm-541">
         <name>_GPIO_EnableUnbondedIOPullupsFor176Pin</name>
         <value>0x84c5</value>
         <object_component_ref idref="oc-216"/>
      </symbol>
      <symbol id="sm-542">
         <name>_GPIO_EnableUnbondedIOPullups</name>
         <value>0x850f</value>
         <object_component_ref idref="oc-211"/>
      </symbol>
      <symbol id="sm-543">
         <name>_GPIO_EnableUnbondedIOPullupsFor100Pin</name>
         <value>0x8468</value>
         <object_component_ref idref="oc-215"/>
      </symbol>
      <symbol id="sm-58e">
         <name>_InitSysPll</name>
         <value>0x81e7</value>
         <object_component_ref idref="oc-212"/>
      </symbol>
      <symbol id="sm-58f">
         <name>_DisableDog</name>
         <value>0x8525</value>
         <object_component_ref idref="oc-20e"/>
      </symbol>
      <symbol id="sm-590">
         <name>_SysIntOsc2Sel</name>
         <value>0x89f4</value>
         <object_component_ref idref="oc-218"/>
      </symbol>
      <symbol id="sm-591">
         <name>_InitPeripheralClocks</name>
         <value>0x82ad</value>
         <object_component_ref idref="oc-213"/>
      </symbol>
      <symbol id="sm-592">
         <name>_InitFlash</name>
         <value>0x8e42</value>
         <object_component_ref idref="oc-210"/>
      </symbol>
      <symbol id="sm-593">
         <name>_SysXtalOscSel</name>
         <value>0x8540</value>
         <object_component_ref idref="oc-219"/>
      </symbol>
      <symbol id="sm-594">
         <name>_SysIntOsc1Sel</name>
         <value>0x89ea</value>
         <object_component_ref idref="oc-217"/>
      </symbol>
      <symbol id="sm-595">
         <name>_InitSysCtrl</name>
         <value>0x83cd</value>
         <object_component_ref idref="oc-207"/>
      </symbol>
      <symbol id="sm-5a2">
         <name>_tempSensor_tempSlope</name>
         <value>0x16014</value>
         <object_component_ref idref="oc-1b6"/>
      </symbol>
      <symbol id="sm-5a3">
         <name>_tempSensor_tempOffset</name>
         <value>0x16010</value>
         <object_component_ref idref="oc-1b6"/>
      </symbol>
      <symbol id="sm-5a4">
         <name>_tempSensor_scaleFactor</name>
         <value>0x16012</value>
         <object_component_ref idref="oc-1b6"/>
      </symbol>
      <symbol id="sm-5b9">
         <name>_I2C</name>
         <value>0x16b08</value>
         <object_component_ref idref="oc-1bd"/>
      </symbol>
      <symbol id="sm-5ba">
         <name>_TRIP_SEL</name>
         <value>0x16b5a</value>
         <object_component_ref idref="oc-1bd"/>
      </symbol>
      <symbol id="sm-5bb">
         <name>_EPWM</name>
         <value>0x16b40</value>
         <object_component_ref idref="oc-1bd"/>
      </symbol>
      <symbol id="sm-5bc">
         <name>_MCBSP</name>
         <value>0x16b04</value>
         <object_component_ref idref="oc-1bd"/>
      </symbol>
      <symbol id="sm-5bd">
         <name>_ECAP</name>
         <value>0x16b2c</value>
         <object_component_ref idref="oc-1bd"/>
      </symbol>
      <symbol id="sm-5be">
         <name>_SPI</name>
         <value>0x16b1a</value>
         <object_component_ref idref="oc-1bd"/>
      </symbol>
      <symbol id="sm-5bf">
         <name>_EQEP</name>
         <value>0x16b12</value>
         <object_component_ref idref="oc-1bd"/>
      </symbol>
      <symbol id="sm-5c0">
         <name>_SDFM</name>
         <value>0x16b0c</value>
         <object_component_ref idref="oc-1bd"/>
      </symbol>
      <symbol id="sm-5c1">
         <name>_ADC</name>
         <value>0x16b22</value>
         <object_component_ref idref="oc-1bd"/>
      </symbol>
      <symbol id="sm-5c2">
         <name>_SCI</name>
         <value>0x16b00</value>
         <object_component_ref idref="oc-1bd"/>
      </symbol>
      <symbol id="sm-5ce">
         <name>_F28x_usDelay</name>
         <value>0x8e6b</value>
         <object_component_ref idref="oc-1bf"/>
      </symbol>
      <symbol id="sm-5e9">
         <name>_c_int00</name>
         <value>0x8331</value>
         <object_component_ref idref="oc-81"/>
      </symbol>
      <symbol id="sm-5ea">
         <name>__stack</name>
         <value>0x400</value>
         <object_component_ref idref="oc-1c4"/>
      </symbol>
      <symbol id="sm-602">
         <name>_copy_in</name>
         <value>0x8387</value>
         <object_component_ref idref="oc-200"/>
      </symbol>
      <symbol id="sm-611">
         <name>_ppcopy</name>
         <value>0x84ab</value>
         <object_component_ref idref="oc-1cf"/>
      </symbol>
      <symbol id="sm-612">
         <name>_dpcopy</name>
         <value>0x84ab</value>
         <object_component_ref idref="oc-1cf"/>
      </symbol>
      <symbol id="sm-613">
         <name>_pdcopy</name>
         <value>0x84ab</value>
         <object_component_ref idref="oc-1cf"/>
      </symbol>
      <symbol id="sm-614">
         <name>_ddcopy</name>
         <value>0x84ab</value>
         <object_component_ref idref="oc-1cf"/>
      </symbol>
      <symbol id="sm-629">
         <name>C$$EXIT</name>
         <value>0x843f</value>
         <object_component_ref idref="oc-203"/>
      </symbol>
      <symbol id="sm-62a">
         <name>_exit</name>
         <value>0x8441</value>
         <object_component_ref idref="oc-203"/>
      </symbol>
      <symbol id="sm-62b">
         <name>___TI_cleanup_ptr</name>
         <value>0x16018</value>
         <object_component_ref idref="oc-1d6"/>
      </symbol>
      <symbol id="sm-62c">
         <name>___TI_enable_exit_profile_output</name>
         <value>0x16016</value>
         <object_component_ref idref="oc-1d6"/>
      </symbol>
      <symbol id="sm-62d">
         <name>_abort</name>
         <value>0x843f</value>
         <object_component_ref idref="oc-203"/>
      </symbol>
      <symbol id="sm-62e">
         <name>___TI_dtors_ptr</name>
         <value>0x1601a</value>
         <object_component_ref idref="oc-1d6"/>
      </symbol>
      <symbol id="sm-63b">
         <name>__system_pre_init</name>
         <value>0x8afa</value>
         <object_component_ref idref="oc-1ff"/>
      </symbol>
      <symbol id="sm-648">
         <name>__system_post_cinit</name>
         <value>0x8afc</value>
         <object_component_ref idref="oc-201"/>
      </symbol>
      <symbol id="sm-65d">
         <name>__unlock</name>
         <value>0x1601e</value>
         <object_component_ref idref="oc-214"/>
      </symbol>
      <symbol id="sm-65e">
         <name>__lock</name>
         <value>0x1601c</value>
         <object_component_ref idref="oc-205"/>
      </symbol>
      <symbol id="sm-65f">
         <name>__register_lock</name>
         <value>0x8af2</value>
         <object_component_ref idref="oc-20c"/>
      </symbol>
      <symbol id="sm-660">
         <name>__nop</name>
         <value>0x8af6</value>
         <object_component_ref idref="oc-20c"/>
      </symbol>
      <symbol id="sm-661">
         <name>__register_unlock</name>
         <value>0x8aee</value>
         <object_component_ref idref="oc-20c"/>
      </symbol>
      <symbol id="sm-671">
         <name>__args_main</name>
         <value>0x84de</value>
         <object_component_ref idref="oc-202"/>
      </symbol>
      <symbol id="sm-675">
         <name>_FIR_FP_calc</name>
         <value>0x8419</value>
         <object_component_ref idref="oc-1ef"/>
      </symbol>
      <symbol id="sm-676">
         <name>_FIR_FP_init</name>
         <value>0x840d</value>
         <object_component_ref idref="oc-1ef"/>
      </symbol>
      <symbol id="sm-682">
         <name>LL$$AND</name>
         <value>0x84f7</value>
         <object_component_ref idref="oc-1f0"/>
      </symbol>
      <symbol id="sm-683">
         <name>LL$$OR</name>
         <value>0x84ff</value>
         <object_component_ref idref="oc-1f0"/>
      </symbol>
      <symbol id="sm-684">
         <name>LL$$XOR</name>
         <value>0x8507</value>
         <object_component_ref idref="oc-1f0"/>
      </symbol>
      <symbol id="sm-696">
         <name>_memcpy</name>
         <value>0x848d</value>
         <object_component_ref idref="oc-20f"/>
      </symbol>
   </symbol_table>
   <title>Link successful</title>
</link_info>
